Archive member included to satisfy reference by file (symbol)

D:/Software/STM32CubeIDE_2.1.0/STM32CubeIDE/plugins/com.st.stm32cube.ide.mcu.externaltools.gnu-tools-for-stm32.14.3.rel1.win32_1.0.100.202602081740/tools/bin/../lib/gcc/arm-none-eabi/14.3.1/../../../../arm-none-eabi/lib/thumb/v7e-m+fp/hard\libc_nano.a(libc_a-exit.o)
                              D:/Software/STM32CubeIDE_2.1.0/STM32CubeIDE/plugins/com.st.stm32cube.ide.mcu.externaltools.gnu-tools-for-stm32.14.3.rel1.win32_1.0.100.202602081740/tools/bin/../lib/gcc/arm-none-eabi/14.3.1/../../../../arm-none-eabi/lib/thumb/v7e-m+fp/hard/crt0.o (exit)
D:/Software/STM32CubeIDE_2.1.0/STM32CubeIDE/plugins/com.st.stm32cube.ide.mcu.externaltools.gnu-tools-for-stm32.14.3.rel1.win32_1.0.100.202602081740/tools/bin/../lib/gcc/arm-none-eabi/14.3.1/../../../../arm-none-eabi/lib/thumb/v7e-m+fp/hard\libc_nano.a(libc_a-findfp.o)
                              D:/Software/STM32CubeIDE_2.1.0/STM32CubeIDE/plugins/com.st.stm32cube.ide.mcu.externaltools.gnu-tools-for-stm32.14.3.rel1.win32_1.0.100.202602081740/tools/bin/../lib/gcc/arm-none-eabi/14.3.1/../../../../arm-none-eabi/lib/thumb/v7e-m+fp/hard\libc_nano.a(libc_a-exit.o) (__stdio_exit_handler)
D:/Software/STM32CubeIDE_2.1.0/STM32CubeIDE/plugins/com.st.stm32cube.ide.mcu.externaltools.gnu-tools-for-stm32.14.3.rel1.win32_1.0.100.202602081740/tools/bin/../lib/gcc/arm-none-eabi/14.3.1/../../../../arm-none-eabi/lib/thumb/v7e-m+fp/hard\libc_nano.a(libc_a-fwalk.o)
                              D:/Software/STM32CubeIDE_2.1.0/STM32CubeIDE/plugins/com.st.stm32cube.ide.mcu.externaltools.gnu-tools-for-stm32.14.3.rel1.win32_1.0.100.202602081740/tools/bin/../lib/gcc/arm-none-eabi/14.3.1/../../../../arm-none-eabi/lib/thumb/v7e-m+fp/hard\libc_nano.a(libc_a-findfp.o) (_fwalk_sglue)
D:/Software/STM32CubeIDE_2.1.0/STM32CubeIDE/plugins/com.st.stm32cube.ide.mcu.externaltools.gnu-tools-for-stm32.14.3.rel1.win32_1.0.100.202602081740/tools/bin/../lib/gcc/arm-none-eabi/14.3.1/../../../../arm-none-eabi/lib/thumb/v7e-m+fp/hard\libc_nano.a(libc_a-stdio.o)
                              D:/Software/STM32CubeIDE_2.1.0/STM32CubeIDE/plugins/com.st.stm32cube.ide.mcu.externaltools.gnu-tools-for-stm32.14.3.rel1.win32_1.0.100.202602081740/tools/bin/../lib/gcc/arm-none-eabi/14.3.1/../../../../arm-none-eabi/lib/thumb/v7e-m+fp/hard\libc_nano.a(libc_a-findfp.o) (__sread)
D:/Software/STM32CubeIDE_2.1.0/STM32CubeIDE/plugins/com.st.stm32cube.ide.mcu.externaltools.gnu-tools-for-stm32.14.3.rel1.win32_1.0.100.202602081740/tools/bin/../lib/gcc/arm-none-eabi/14.3.1/../../../../arm-none-eabi/lib/thumb/v7e-m+fp/hard\libc_nano.a(libc_a-vsnprintf.o)
                              ./Application/User/Core/sensing_engine.o (vsnprintf)
D:/Software/STM32CubeIDE_2.1.0/STM32CubeIDE/plugins/com.st.stm32cube.ide.mcu.externaltools.gnu-tools-for-stm32.14.3.rel1.win32_1.0.100.202602081740/tools/bin/../lib/gcc/arm-none-eabi/14.3.1/../../../../arm-none-eabi/lib/thumb/v7e-m+fp/hard\libc_nano.a(libc_a-memset.o)
                              D:/Software/STM32CubeIDE_2.1.0/STM32CubeIDE/plugins/com.st.stm32cube.ide.mcu.externaltools.gnu-tools-for-stm32.14.3.rel1.win32_1.0.100.202602081740/tools/bin/../lib/gcc/arm-none-eabi/14.3.1/../../../../arm-none-eabi/lib/thumb/v7e-m+fp/hard/crt0.o (memset)
D:/Software/STM32CubeIDE_2.1.0/STM32CubeIDE/plugins/com.st.stm32cube.ide.mcu.externaltools.gnu-tools-for-stm32.14.3.rel1.win32_1.0.100.202602081740/tools/bin/../lib/gcc/arm-none-eabi/14.3.1/../../../../arm-none-eabi/lib/thumb/v7e-m+fp/hard\libc_nano.a(libc_a-closer.o)
                              D:/Software/STM32CubeIDE_2.1.0/STM32CubeIDE/plugins/com.st.stm32cube.ide.mcu.externaltools.gnu-tools-for-stm32.14.3.rel1.win32_1.0.100.202602081740/tools/bin/../lib/gcc/arm-none-eabi/14.3.1/../../../../arm-none-eabi/lib/thumb/v7e-m+fp/hard\libc_nano.a(libc_a-stdio.o) (_close_r)
D:/Software/STM32CubeIDE_2.1.0/STM32CubeIDE/plugins/com.st.stm32cube.ide.mcu.externaltools.gnu-tools-for-stm32.14.3.rel1.win32_1.0.100.202602081740/tools/bin/../lib/gcc/arm-none-eabi/14.3.1/../../../../arm-none-eabi/lib/thumb/v7e-m+fp/hard\libc_nano.a(libc_a-reent.o)
                              D:/Software/STM32CubeIDE_2.1.0/STM32CubeIDE/plugins/com.st.stm32cube.ide.mcu.externaltools.gnu-tools-for-stm32.14.3.rel1.win32_1.0.100.202602081740/tools/bin/../lib/gcc/arm-none-eabi/14.3.1/../../../../arm-none-eabi/lib/thumb/v7e-m+fp/hard\libc_nano.a(libc_a-closer.o) (errno)
D:/Software/STM32CubeIDE_2.1.0/STM32CubeIDE/plugins/com.st.stm32cube.ide.mcu.externaltools.gnu-tools-for-stm32.14.3.rel1.win32_1.0.100.202602081740/tools/bin/../lib/gcc/arm-none-eabi/14.3.1/../../../../arm-none-eabi/lib/thumb/v7e-m+fp/hard\libc_nano.a(libc_a-impure.o)
[...]
Memory Configuration

Name             Origin             Length             Attributes
RAM              0x20000000         0x00018000         xrw
FLASH            0x08000000         0x00080000         xr
*default*        0x00000000         0xffffffff

Linker script and memory map

LOAD D:/Software/STM32CubeIDE_2.1.0/STM32CubeIDE/plugins/com.st.stm32cube.ide.mcu.externaltools.gnu-tools-for-stm32.14.3.rel1.win32_1.0.100.202602081740/tools/bin/../lib/gcc/arm-none-eabi/14.3.1/thumb/v7e-m+fp/hard/crti.o
LOAD D:/Software/STM32CubeIDE_2.1.0/STM32CubeIDE/plugins/com.st.stm32cube.ide.mcu.externaltools.gnu-tools-for-stm32.14.3.rel1.win32_1.0.100.202602081740/tools/bin/../lib/gcc/arm-none-eabi/14.3.1/thumb/v7e-m+fp/hard/crtbegin.o
LOAD D:/Software/STM32CubeIDE_2.1.0/STM32CubeIDE/plugins/com.st.stm32cube.ide.mcu.externaltools.gnu-tools-for-stm32.14.3.rel1.win32_1.0.100.202602081740/tools/bin/../lib/gcc/arm-none-eabi/14.3.1/../../../../arm-none-eabi/lib/thumb/v7e-m+fp/hard/crt0.o
LOAD ./Application/User/Core/gpio.o
LOAD ./Application/User/Core/i2c.o
LOAD ./Application/User/Core/main.o
LOAD ./Application/User/Core/sensing_engine.o
LOAD ./Application/User/Core/stm32f4xx_hal_msp.o
LOAD ./Application/User/Core/stm32f4xx_it.o
LOAD ./Application/User/Core/syscalls.o
LOAD ./Application/User/Core/sysmem.o
LOAD ./Application/User/Core/usart.o
LOAD ./Application/User/Startup/startup_stm32f401retx.o
LOAD ./Drivers/BSP/VL53L5CX/src/vl53l5cx_api.o
LOAD ./Drivers/BSP/VL53L5CX/src/vl53l5cx_plugin_detection_thresholds.o
LOAD ./Drivers/BSP/VL53L5CX/src/vl53l5cx_plugin_motion_indicator.o
LOAD ./Drivers/BSP/VL53L5CX/src/vl53l5cx_plugin_xtalk.o
LOAD ./Drivers/BSP/VL53L5CX_Platform/vl53l5cx_platform.o
LOAD ./Drivers/BSP/VL53L8CX/src/vl53l8cx_api.o
LOAD ./Drivers/BSP/VL53L8CX/src/vl53l8cx_plugin_detection_thresholds.o
LOAD ./Drivers/BSP/VL53L8CX/src/vl53l8cx_plugin_motion_indicator.o
LOAD ./Drivers/BSP/VL53L8CX/src/vl53l8cx_plugin_xtalk.o
LOAD ./Drivers/BSP/VL53L8CX_Platform/vl53l8cx_platform.o
LOAD ./Drivers/CMSIS/system_stm32f4xx.o
LOAD ./Drivers/STM32F4xx_HAL_Driver/stm32f4xx_hal.o
LOAD ./Drivers/STM32F4xx_HAL_Driver/stm32f4xx_hal_cortex.o
LOAD ./Drivers/STM32F4xx_HAL_Driver/stm32f4xx_hal_dma.o
LOAD ./Drivers/STM32F4xx_HAL_Driver/stm32f4xx_hal_dma_ex.o
LOAD ./Drivers/STM32F4xx_HAL_Driver/stm32f4xx_hal_exti.o
LOAD ./Drivers/STM32F4xx_HAL_Driver/stm32f4xx_hal_flash.o
LOAD ./Drivers/STM32F4xx_HAL_Driver/stm32f4xx_hal_flash_ex.o
LOAD ./Drivers/STM32F4xx_HAL_Driver/stm32f4xx_hal_flash_ramfunc.o
LOAD ./Drivers/STM32F4xx_HAL_Driver/stm32f4xx_hal_gpio.o
LOAD ./Drivers/STM32F4xx_HAL_Driver/stm32f4xx_hal_i2c.o
LOAD ./Drivers/STM32F4xx_HAL_Driver/stm32f4xx_hal_i2c_ex.o
LOAD ./Drivers/STM32F4xx_HAL_Driver/stm32f4xx_hal_pwr.o
LOAD ./Drivers/STM32F4xx_HAL_Driver/stm32f4xx_hal_pwr_ex.o
LOAD ./Drivers/STM32F4xx_HAL_Driver/stm32f4xx_hal_rcc.o
LOAD ./Drivers/STM32F4xx_HAL_Driver/stm32f4xx_hal_rcc_ex.o
LOAD ./Drivers/STM32F4xx_HAL_Driver/stm32f4xx_hal_uart.o
START GROUP
LOAD D:/Software/STM32CubeIDE_2.1.0/STM32CubeIDE/plugins/com.st.stm32cube.ide.mcu.externaltools.gnu-tools-for-stm32.14.3.rel1.win32_1.0.100.202602081740/tools/bin/../lib/gcc/arm-none-eabi/14.3.1/../../../../arm-none-eabi/lib/thumb/v7e-m+fp/hard\libc_nano.a
LOAD D:/Software/STM32CubeIDE_2.1.0/STM32CubeIDE/plugins/com.st.stm32cube.ide.mcu.externaltools.gnu-tools-for-stm32.14.3.rel1.win32_1.0.100.202602081740/tools/bin/../lib/gcc/arm-none-eabi/14.3.1/../../../../arm-none-eabi/lib/thumb/v7e-m+fp/hard\libm.a
END GROUP
START GROUP
LOAD D:/Software/STM32CubeIDE_2.1.0/STM32CubeIDE/plugins/com.st.stm32cube.ide.mcu.externaltools.gnu-tools-for-stm32.14.3.rel1.win32_1.0.100.202602081740/tools/bin/../lib/gcc/arm-none-eabi/14.3.1/thumb/v7e-m+fp/hard\libgcc.a
LOAD D:/Software/STM32CubeIDE_2.1.0/STM32CubeIDE/plugins/com.st.stm32cube.ide.mcu.externaltools.gnu-tools-for-stm32.14.3.rel1.win32_1.0.100.202602081740/tools/bin/../lib/gcc/arm-none-eabi/14.3.1/../../../../arm-none-eabi/lib/thumb/v7e-m+fp/hard\libc_nano.a
END GROUP
START GROUP
LOAD D:/Software/STM32CubeIDE_2.1.0/STM32CubeIDE/plugins/com.st.stm32cube.ide.mcu.externaltools.gnu-tools-for-stm32.14.3.rel1.win32_1.0.100.202602081740/tools/bin/../lib/gcc/arm-none-eabi/14.3.1/thumb/v7e-m+fp/hard\libgcc.a
LOAD D:/Software/STM32CubeIDE_2.1.0/STM32CubeIDE/plugins/com.st.stm32cube.ide.mcu.externaltools.gnu-tools-for-stm32.14.3.rel1.win32_1.0.100.202602081740/tools/bin/../lib/gcc/arm-none-eabi/14.3.1/../../../../arm-none-eabi/lib/thumb/v7e-m+fp/hard\libc_nano.a
LOAD D:/Software/STM32CubeIDE_2.1.0/STM32CubeIDE/plugins/com.st.stm32cube.ide.mcu.externaltools.gnu-tools-for-stm32.14.3.rel1.win32_1.0.100.202602081740/tools/bin/../lib/gcc/arm-none-eabi/14.3.1/../../../../arm-none-eabi/lib/thumb/v7e-m+fp/hard\libnosys.a
END GROUP
START GROUP
LOAD D:/Software/STM32CubeIDE_2.1.0/STM32CubeIDE/plugins/com.st.stm32cube.ide.mcu.externaltools.gnu-tools-for-stm32.14.3.rel1.win32_1.0.100.202602081740/tools/bin/../lib/gcc/arm-none-eabi/14.3.1/thumb/v7e-m+fp/hard\libgcc.a
LOAD D:/Software/STM32CubeIDE_2.1.0/STM32CubeIDE/plugins/com.st.stm32cube.ide.mcu.externaltools.gnu-tools-for-stm32.14.3.rel1.win32_1.0.100.202602081740/tools/bin/../lib/gcc/arm-none-eabi/14.3.1/../../../../arm-none-eabi/lib/thumb/v7e-m+fp/hard\libc_nano.a
LOAD D:/Software/STM32CubeIDE_2.1.0/STM32CubeIDE/plugins/com.st.stm32cube.ide.mcu.externaltools.gnu-tools-for-stm32.14.3.rel1.win32_1.0.100.202602081740/tools/bin/../lib/gcc/arm-none-eabi/14.3.1/../../../../arm-none-eabi/lib/thumb/v7e-m+fp/hard\libnosys.a
END GROUP
LOAD D:/Software/STM32CubeIDE_2.1.0/STM32CubeIDE/plugins/com.st.stm32cube.ide.mcu.externaltools.gnu-tools-for-stm32.14.3.rel1.win32_1.0.100.202602081740/tools/bin/../lib/gcc/arm-none-eabi/14.3.1/thumb/v7e-m+fp/hard/crtend.o
LOAD D:/Software/STM32CubeIDE_2.1.0/STM32CubeIDE/plugins/com.st.stm32cube.ide.mcu.externaltools.gnu-tools-for-stm32.14.3.rel1.win32_1.0.100.202602081740/tools/bin/../lib/gcc/arm-none-eabi/14.3.1/thumb/v7e-m+fp/hard/crtn.o
                0x20018000                        _estack = (ORIGIN (RAM) + LENGTH (RAM))
                0x00000800                        _Min_Heap_Size = 0x800
                0x00001000                        _Min_Stack_Size = 0x1000

.isr_vector     0x08000000      0x194
                0x08000000                        . = ALIGN (0x4)
 *(.isr_vector)
 .isr_vector    0x08000000      0x194 ./Application/User/Startup/startup_stm32f401retx.o
                0x08000000                g_pfnVectors
                0x08000194                        . = ALIGN (0x4)

.text           0x080001a0     0x8724
                0x080001a0                        . = ALIGN (0x4)
 *(.text)
 .text          0x080001a0       0x40 D:/Software/STM32CubeIDE_2.1.0/STM32CubeIDE/plugins/com.st.stm32cube.ide.mcu.externaltools.gnu-tools-for-stm32.14.3.rel1.win32_1.0.100.202602081740/tools/bin/../lib/gcc/arm-none-eabi/14.3.1/thumb/v7e-m+fp/hard/crtbegin.o
 .text          0x080001e0       0x10 D:/Software/STM32CubeIDE_2.1.0/STM32CubeIDE/plugins/com.st.stm32cube.ide.mcu.externaltools.gnu-tools-for-stm32.14.3.rel1.win32_1.0.100.202602081740/tools/bin/../lib/gcc/arm-none-eabi/14.3.1/../../../../arm-none-eabi/lib/thumb/v7e-m+fp/hard\libc_nano.a(libc_a-strlen.o)
                0x080001e0                strlen
 .text          0x080001f0       0xa0 D:/Software/STM32CubeIDE_2.1.0/STM32CubeIDE/plugins/com.st.stm32cube.ide.mcu.externaltools.gnu-tools-for-stm32.14.3.rel1.win32_1.0.100.202602081740/tools/bin/../lib/gcc/arm-none-eabi/14.3.1/../../../../arm-none-eabi/lib/thumb/v7e-m+fp/hard\libc_nano.a(libc_a-memchr.o)
                0x080001f0                memchr
 .text          0x08000290       0x30 D:/Software/STM32CubeIDE_2.1.0/STM32CubeIDE/plugins/com.st.stm32cube.ide.mcu.externaltools.gnu-tools-for-stm32.14.3.rel1.win32_1.0.100.202602081740/tools/bin/../lib/gcc/arm-none-eabi/14.3.1/thumb/v7e-m+fp/hard\libgcc.a(_aeabi_uldivmod.o)
                0x08000290                __aeabi_uldivmod
 .text          0x080002c0      0x2f8 D:/Software/STM32CubeIDE_2.1.0/STM32CubeIDE/plugins/com.st.stm32cube.ide.mcu.externaltools.gnu-tools-for-stm32.14.3.rel1.win32_1.0.100.202602081740/tools/bin/../lib/gcc/arm-none-eabi/14.3.1/thumb/v7e-m+fp/hard\libgcc.a(_udivmoddi4.o)
                0x080002c0                __udivmoddi4
 .text          0x080005b8        0x4 D:/Software/STM32CubeIDE_2.1.0/STM32CubeIDE/plugins/com.st.stm32cube.ide.mcu.externaltools.gnu-tools-for-stm32.14.3.rel1.win32_1.0.100.202602081740/tools/bin/../lib/gcc/arm-none-eabi/14.3.1/thumb/v7e-m+fp/hard\libgcc.a(_dvmd_tls.o)
                0x080005b8                __aeabi_idiv0
                0x080005b8                __aeabi_ldiv0
 *(.text*)
 .text.MX_GPIO_Init
                0x080005bc      0x120 ./Application/User/Core/gpio.o
                0x080005bc                MX_GPIO_Init
 .text.MX_I2C1_Init
                0x080006dc       0x5c ./Application/User/Core/i2c.o
                0x080006dc                MX_I2C1_Init
 .text.HAL_I2C_MspInit
                0x08000738       0x90 ./Application/User/Core/i2c.o
                0x08000738                HAL_I2C_MspInit
 .text.main     0x080007c8       0x38 ./Application/User/Core/main.o
                0x080007c8                main
 .text.SystemClock_Config
                0x08000800       0xd8 ./Application/User/Core/main.o
                0x08000800                SystemClock_Config
 .text.Error_Handler
                0x080008d8        0xc ./Application/User/Core/main.o
                0x080008d8                Error_Handler
 .text.Compute_Checksum
                0x080008e4       0x64 ./Application/User/Core/sensing_engine.o
 .text.Sensing_Debug_Print
                0x08000948       0x60 ./Application/User/Core/sensing_engine.o
                0x08000948                Sensing_Debug_Print
 .text.I2C_Recover
                0x080009a8       0xf0 ./Application/User/Core/sensing_engine.o
 .text.Sensing_Engine_Init
                0x08000a98      0x368 ./Application/User/Core/sensing_engine.o
                0x08000a98                Sensing_Engine_Init
 .text.Pack_Payload_L5CX
                0x08000e00       0x96 ./Application/User/Core/sensing_engine.o
 .text.Pack_Payload_L8CX
                0x08000e96       0x96 ./Application/User/Core/sensing_engine.o
 .text.Setup_Header
                0x08000f2c       0x4c ./Application/User/Core/sensing_engine.o
 .text.Sensing_Engine_Update
                0x08000f78      0x1e8 ./Application/User/Core/sensing_engine.o
                0x08000f78                Sensing_Engine_Update
 .text.Sensing_Engine_Push
                0x08001160       0xbc ./Application/User/Core/sensing_engine.o
                0x08001160                Sensing_Engine_Push
 .text.HAL_MspInit
                0x0800121c       0x50 ./Application/User/Core/stm32f4xx_hal_msp.o
                0x0800121c                HAL_MspInit
 .text.NMI_Handler
                0x0800126c        0x8 ./Application/User/Core/stm32f4xx_it.o
                0x0800126c                NMI_Handler
 .text.HardFault_Handler
                0x08001274        0x8 ./Application/User/Core/stm32f4xx_it.o
                0x08001274                HardFault_Handler
 .text.MemManage_Handler
                0x0800127c        0x8 ./Application/User/Core/stm32f4xx_it.o
                0x0800127c                MemManage_Handler
 .text.BusFault_Handler
                0x08001284        0x8 ./Application/User/Core/stm32f4xx_it.o
                0x08001284                BusFault_Handler
 .text.UsageFault_Handler
                0x0800128c        0x8 ./Application/User/Core/stm32f4xx_it.o
                0x0800128c                UsageFault_Handler
 .text.SVC_Handler
                0x08001294        0xe ./Application/User/Core/stm32f4xx_it.o
                0x08001294                SVC_Handler
 .text.DebugMon_Handler
                0x080012a2        0xe ./Application/User/Core/stm32f4xx_it.o
                0x080012a2                DebugMon_Handler
 .text.PendSV_Handler
                0x080012b0        0xe ./Application/User/Core/stm32f4xx_it.o
                0x080012b0                PendSV_Handler
 .text.SysTick_Handler
                0x080012be        0xc ./Application/User/Core/stm32f4xx_it.o
                0x080012be                SysTick_Handler
 *fill*         0x080012ca        0x2 
 .text._sbrk    0x080012cc       0x6c ./Application/User/Core/sysmem.o
                0x080012cc                _sbrk
 .text.MX_USART1_UART_Init
                0x08001338       0x54 ./Application/User/Core/usart.o
                0x08001338                MX_USART1_UART_Init
 .text.MX_USART2_UART_Init
                0x0800138c       0x54 ./Application/User/Core/usart.o
                0x0800138c                MX_USART2_UART_Init
 .text.HAL_UART_MspInit
                0x080013e0       0xf8 ./Application/User/Core/usart.o
                0x080013e0                HAL_UART_MspInit
 .text.Reset_Handler
                0x080014d8       0x50 ./Application/User/Startup/startup_stm32f401retx.o
                0x080014d8                Reset_Handler
 .text.Default_Handler
                0x08001528        0x2 ./Application/User/Startup/startup_stm32f401retx.o
                0x08001528                RTC_Alarm_IRQHandler
                0x08001528                EXTI2_IRQHandler
                0x08001528                SPI4_IRQHandler
                0x08001528                TIM1_CC_IRQHandler
                0x08001528                DMA2_Stream5_IRQHandler
                0x08001528                DMA1_Stream5_IRQHandler
                0x08001528                PVD_IRQHandler
                0x08001528                SDIO_IRQHandler
                0x08001528                TAMP_STAMP_IRQHandler
                0x08001528                EXTI3_IRQHandler
                0x08001528                TIM1_UP_TIM10_IRQHandler
                0x08001528                I2C3_ER_IRQHandler
                0x08001528                EXTI0_IRQHandler
                0x08001528                I2C2_EV_IRQHandler
                0x08001528                DMA1_Stream2_IRQHandler
                0x08001528                FPU_IRQHandler
                0x08001528                DMA2_Stream2_IRQHandler
                0x08001528                SPI1_IRQHandler
                0x08001528                TIM1_BRK_TIM9_IRQHandler
                0x08001528                DMA2_Stream3_IRQHandler
                0x08001528                USART6_IRQHandler
                0x08001528                DMA2_Stream0_IRQHandler
                0x08001528                TIM4_IRQHandler
                0x08001528                I2C1_EV_IRQHandler
                0x08001528                DMA1_Stream6_IRQHandler
                0x08001528                DMA1_Stream1_IRQHandler
                0x08001528                TIM3_IRQHandler
                0x08001528                RCC_IRQHandler
                0x08001528                Default_Handler
                0x08001528                EXTI15_10_IRQHandler
                0x08001528                ADC_IRQHandler
                0x08001528                DMA1_Stream7_IRQHandler
                0x08001528                TIM5_IRQHandler
                0x08001528                DMA2_Stream7_IRQHandler
                0x08001528                I2C3_EV_IRQHandler
                0x08001528                EXTI9_5_IRQHandler
                0x08001528                RTC_WKUP_IRQHandler
                0x08001528                SPI2_IRQHandler
                0x08001528                DMA1_Stream0_IRQHandler
                0x08001528                EXTI4_IRQHandler
                0x08001528                WWDG_IRQHandler
                0x08001528                TIM2_IRQHandler
                0x08001528                OTG_FS_WKUP_IRQHandler
                0x08001528                TIM1_TRG_COM_TIM11_IRQHandler
                0x08001528                EXTI1_IRQHandler
                0x08001528                USART2_IRQHandler
                0x08001528                I2C2_ER_IRQHandler
                0x08001528                DMA2_Stream1_IRQHandler
                0x08001528                FLASH_IRQHandler
                0x08001528                DMA2_Stream4_IRQHandler
                0x08001528                USART1_IRQHandler
                0x08001528                OTG_FS_IRQHandler
                0x08001528                SPI3_IRQHandler
                0x08001528                DMA1_Stream4_IRQHandler
                0x08001528                I2C1_ER_IRQHandler
                0x08001528                DMA2_Stream6_IRQHandler
                0x08001528                DMA1_Stream3_IRQHandler
 .text._vl53l5cx_poll_for_answer
                0x0800152a       0xa0 ./Drivers/BSP/VL53L5CX/src/vl53l5cx_api.o
 .text._vl53l5cx_poll_for_mcu_boot
                0x080015ca       0x82 ./Drivers/BSP/VL53L5CX/src/vl53l5cx_api.o
 .text._vl53l5cx_send_offset_data
                0x0800164c      0x398 ./Drivers/BSP/VL53L5CX/src/vl53l5cx_api.o
 .text._vl53l5cx_send_xtalk_data
                0x080019e4      0x298 ./Drivers/BSP/VL53L5CX/src/vl53l5cx_api.o
 .text.vl53l5cx_is_alive
                0x08001c7c       0x92 ./Drivers/BSP/VL53L5CX/src/vl53l5cx_api.o
                0x08001c7c                vl53l5cx_is_alive
 *fill*         0x08001d0e        0x2 
 .text.vl53l5cx_init
                0x08001d10      0x8d8 ./Drivers/BSP/VL53L5CX/src/vl53l5cx_api.o
                0x08001d10                vl53l5cx_init
 .text.vl53l5cx_set_i2c_address
                0x080025e8       0x6c ./Drivers/BSP/VL53L5CX/src/vl53l5cx_api.o
                0x080025e8                vl53l5cx_set_i2c_address
 .text.vl53l5cx_start_ranging
                0x08002654      0x2f4 ./Drivers/BSP/VL53L5CX/src/vl53l5cx_api.o
                0x08002654                vl53l5cx_start_ranging
 .text.vl53l5cx_check_data_ready
                0x08002948       0xa0 ./Drivers/BSP/VL53L5CX/src/vl53l5cx_api.o
                0x08002948                vl53l5cx_check_data_ready
 .text.vl53l5cx_get_ranging_data
                0x080029e8      0x434 ./Drivers/BSP/VL53L5CX/src/vl53l5cx_api.o
                0x080029e8                vl53l5cx_get_ranging_data
 .text.vl53l5cx_get_resolution
                0x08002e1c       0x4a ./Drivers/BSP/VL53L5CX/src/vl53l5cx_api.o
                0x08002e1c                vl53l5cx_get_resolution
 .text.vl53l5cx_set_resolution
                0x08002e66      0x1a8 ./Drivers/BSP/VL53L5CX/src/vl53l5cx_api.o
                0x08002e66                vl53l5cx_set_resolution
 .text.vl53l5cx_set_ranging_frequency_hz
                0x0800300e       0x42 ./Drivers/BSP/VL53L5CX/src/vl53l5cx_api.o
                0x0800300e                vl53l5cx_set_ranging_frequency_hz
 .text.vl53l5cx_dci_read_data
                0x08003050      0x114 ./Drivers/BSP/VL53L5CX/src/vl53l5cx_api.o
                0x08003050                vl53l5cx_dci_read_data
 .text.vl53l5cx_dci_write_data
                0x08003164      0x13c ./Drivers/BSP/VL53L5CX/src/vl53l5cx_api.o
                0x08003164                vl53l5cx_dci_write_data
 .text.vl53l5cx_dci_replace_data
                0x080032a0       0x58 ./Drivers/BSP/VL53L5CX/src/vl53l5cx_api.o
                0x080032a0                vl53l5cx_dci_replace_data
 .text.VL53L5CX_RdByte
                0x080032f8       0x3c ./Drivers/BSP/VL53L5CX_Platform/vl53l5cx_platform.o
                0x080032f8                VL53L5CX_RdByte
 .text.VL53L5CX_WrByte
                0x08003334       0x40 ./Drivers/BSP/VL53L5CX_Platform/vl53l5cx_platform.o
                0x08003334                VL53L5CX_WrByte
 .text.VL53L5CX_WrMulti
                0x08003374       0x40 ./Drivers/BSP/VL53L5CX_Platform/vl53l5cx_platform.o
                0x08003374                VL53L5CX_WrMulti
 .text.VL53L5CX_RdMulti
                0x080033b4       0x40 ./Drivers/BSP/VL53L5CX_Platform/vl53l5cx_platform.o
                0x080033b4                VL53L5CX_RdMulti
 .text.VL53L5CX_SwapBuffer
                0x080033f4       0x6c ./Drivers/BSP/VL53L5CX_Platform/vl53l5cx_platform.o
                0x080033f4                VL53L5CX_SwapBuffer
 .text.VL53L5CX_WaitMs
                0x08003460       0x1a ./Drivers/BSP/VL53L5CX_Platform/vl53l5cx_platform.o
                0x08003460                VL53L5CX_WaitMs
 .text._vl53l8cx_poll_for_answer
                0x0800347a       0xa0 ./Drivers/BSP/VL53L8CX/src/vl53l8cx_api.o
 .text._vl53l8cx_poll_for_mcu_boot
                0x0800351a       0x86 ./Drivers/BSP/VL53L8CX/src/vl53l8cx_api.o
 .text._vl53l8cx_send_offset_data
                0x080035a0      0x398 ./Drivers/BSP/VL53L8CX/src/vl53l8cx_api.o
 .text._vl53l8cx_send_xtalk_data
                0x08003938      0x298 ./Drivers/BSP/VL53L8CX/src/vl53l8cx_api.o
 .text.vl53l8cx_is_alive
                0x08003bd0       0x92 ./Drivers/BSP/VL53L8CX/src/vl53l8cx_api.o
                0x08003bd0                vl53l8cx_is_alive
 *fill*         0x08003c62        0x2 
 .text.vl53l8cx_init
                0x08003c64      0x858 ./Drivers/BSP/VL53L8CX/src/vl53l8cx_api.o
                0x08003c64                vl53l8cx_init
 .text.vl53l8cx_set_i2c_address
                0x080044bc       0x6c ./Drivers/BSP/VL53L8CX/src/vl53l8cx_api.o
                0x080044bc                vl53l8cx_set_i2c_address
 .text.vl53l8cx_start_ranging
                0x08004528      0x32c ./Drivers/BSP/VL53L8CX/src/vl53l8cx_api.o
                0x08004528                vl53l8cx_start_ranging
 .text.vl53l8cx_check_data_ready
                0x08004854       0xa0 ./Drivers/BSP/VL53L8CX/src/vl53l8cx_api.o
                0x08004854                vl53l8cx_check_data_ready
 .text.vl53l8cx_get_ranging_data
                0x080048f4      0x410 ./Drivers/BSP/VL53L8CX/src/vl53l8cx_api.o
                0x080048f4                vl53l8cx_get_ranging_data
 .text.vl53l8cx_get_resolution
                0x08004d04       0x4a ./Drivers/BSP/VL53L8CX/src/vl53l8cx_api.o
                0x08004d04                vl53l8cx_get_resolution
 .text.vl53l8cx_set_resolution
                0x08004d4e      0x1a8 ./Drivers/BSP/VL53L8CX/src/vl53l8cx_api.o
                0x08004d4e                vl53l8cx_set_resolution
 .text.vl53l8cx_set_ranging_frequency_hz
                0x08004ef6       0x42 ./Drivers/BSP/VL53L8CX/src/vl53l8cx_api.o
                0x08004ef6                vl53l8cx_set_ranging_frequency_hz
 .text.vl53l8cx_dci_read_data
                0x08004f38      0x114 ./Drivers/BSP/VL53L8CX/src/vl53l8cx_api.o
                0x08004f38                vl53l8cx_dci_read_data
 .text.vl53l8cx_dci_write_data
                0x0800504c      0x13c ./Drivers/BSP/VL53L8CX/src/vl53l8cx_api.o
                0x0800504c                vl53l8cx_dci_write_data
 .text.vl53l8cx_dci_replace_data
                0x08005188       0x58 ./Drivers/BSP/VL53L8CX/src/vl53l8cx_api.o
                0x08005188                vl53l8cx_dci_replace_data
 .text.VL53L8CX_RdByte
                0x080051e0       0x3c ./Drivers/BSP/VL53L8CX_Platform/vl53l8cx_platform.o
                0x080051e0                VL53L8CX_RdByte
 .text.VL53L8CX_WrByte
                0x0800521c       0x40 ./Drivers/BSP/VL53L8CX_Platform/vl53l8cx_platform.o
                0x0800521c                VL53L8CX_WrByte
 .text.VL53L8CX_WrMulti
                0x0800525c       0x40 ./Drivers/BSP/VL53L8CX_Platform/vl53l8cx_platform.o
                0x0800525c                VL53L8CX_WrMulti
 .text.VL53L8CX_RdMulti
                0x0800529c       0x40 ./Drivers/BSP/VL53L8CX_Platform/vl53l8cx_platform.o
                0x0800529c                VL53L8CX_RdMulti
 .text.VL53L8CX_SwapBuffer
                0x080052dc       0x6c ./Drivers/BSP/VL53L8CX_Platform/vl53l8cx_platform.o
                0x080052dc                VL53L8CX_SwapBuffer
 .text.VL53L8CX_WaitMs
                0x08005348       0x1a ./Drivers/BSP/VL53L8CX_Platform/vl53l8cx_platform.o
                0x08005348                VL53L8CX_WaitMs
 *fill*         0x08005362        0x2 
 .text.SystemInit
                0x08005364       0x24 ./Drivers/CMSIS/system_stm32f4xx.o
                0x08005364                SystemInit
 .text.HAL_Init
                0x08005388       0x44 ./Drivers/STM32F4xx_HAL_Driver/stm32f4xx_hal.o
                0x08005388                HAL_Init
 .text.HAL_InitTick
                0x080053cc       0x60 ./Drivers/STM32F4xx_HAL_Driver/stm32f4xx_hal.o
                0x080053cc                HAL_InitTick
 .text.HAL_IncTick
                0x0800542c       0x28 ./Drivers/STM32F4xx_HAL_Driver/stm32f4xx_hal.o
                0x0800542c                HAL_IncTick
 .text.HAL_GetTick
                0x08005454       0x18 ./Drivers/STM32F4xx_HAL_Driver/stm32f4xx_hal.o
                0x08005454                HAL_GetTick
 .text.HAL_Delay
                0x0800546c       0x48 ./Drivers/STM32F4xx_HAL_Driver/stm32f4xx_hal.o
                0x0800546c                HAL_Delay
 .text.__NVIC_SetPriorityGrouping
                0x080054b4       0x48 ./Drivers/STM32F4xx_HAL_Driver/stm32f4xx_hal_cortex.o
 .text.__NVIC_GetPriorityGrouping
                0x080054fc       0x1c ./Drivers/STM32F4xx_HAL_Driver/stm32f4xx_hal_cortex.o
 .text.__NVIC_SetPriority
                0x08005518       0x54 ./Drivers/STM32F4xx_HAL_Driver/stm32f4xx_hal_cortex.o
 .text.NVIC_EncodePriority
                0x0800556c       0x66 ./Drivers/STM32F4xx_HAL_Driver/stm32f4xx_hal_cortex.o
 *fill*         0x080055d2        0x2 
 .text.SysTick_Config
                0x080055d4       0x44 ./Drivers/STM32F4xx_HAL_Driver/stm32f4xx_hal_cortex.o
 .text.HAL_NVIC_SetPriorityGrouping
                0x08005618       0x16 ./Drivers/STM32F4xx_HAL_Driver/stm32f4xx_hal_cortex.o
                0x08005618                HAL_NVIC_SetPriorityGrouping
 .text.HAL_NVIC_SetPriority
                0x0800562e       0x38 ./Drivers/STM32F4xx_HAL_Driver/stm32f4xx_hal_cortex.o
                0x0800562e                HAL_NVIC_SetPriority
 .text.HAL_SYSTICK_Config
                0x08005666       0x18 ./Drivers/STM32F4xx_HAL_Driver/stm32f4xx_hal_cortex.o
                0x08005666                HAL_SYSTICK_Config
 .text.HAL_DMA_Start_IT
                0x0800567e       0xb0 ./Drivers/STM32F4xx_HAL_Driver/stm32f4xx_hal_dma.o
                0x0800567e                HAL_DMA_Start_IT
 .text.DMA_SetConfig
                0x0800572e       0x5c ./Drivers/STM32F4xx_HAL_Driver/stm32f4xx_hal_dma.o
 *fill*         0x0800578a        0x2 
 .text.HAL_GPIO_Init
                0x0800578c      0x308 ./Drivers/STM32F4xx_HAL_Driver/stm32f4xx_hal_gpio.o
                0x0800578c                HAL_GPIO_Init
 .text.HAL_GPIO_WritePin
                0x08005a94       0x32 ./Drivers/STM32F4xx_HAL_Driver/stm32f4xx_hal_gpio.o
                0x08005a94                HAL_GPIO_WritePin
 *fill*         0x08005ac6        0x2 
 .text.HAL_I2C_Init
                0x08005ac8      0x288 ./Drivers/STM32F4xx_HAL_Driver/stm32f4xx_hal_i2c.o
                0x08005ac8                HAL_I2C_Init
 .text.HAL_I2C_Mem_Write
                0x08005d50      0x1f4 ./Drivers/STM32F4xx_HAL_Driver/stm32f4xx_hal_i2c.o
                0x08005d50                HAL_I2C_Mem_Write
 .text.HAL_I2C_Mem_Read
                0x08005f44      0x464 ./Drivers/STM32F4xx_HAL_Driver/stm32f4xx_hal_i2c.o
                0x08005f44                HAL_I2C_Mem_Read
 .text.I2C_RequestMemoryWrite
                0x080063a8      0x12c ./Drivers/STM32F4xx_HAL_Driver/stm32f4xx_hal_i2c.o
 .text.I2C_RequestMemoryRead
                0x080064d4      0x1d0 ./Drivers/STM32F4xx_HAL_Driver/stm32f4xx_hal_i2c.o
 .text.I2C_WaitOnFlagUntilTimeout
                0x080066a4       0xf4 ./Drivers/STM32F4xx_HAL_Driver/stm32f4xx_hal_i2c.o
 .text.I2C_WaitOnMasterAddressFlagUntilTimeout
                0x08006798      0x140 ./Drivers/STM32F4xx_HAL_Driver/stm32f4xx_hal_i2c.o
 .text.I2C_WaitOnTXEFlagUntilTimeout
                0x080068d8       0x90 ./Drivers/STM32F4xx_HAL_Driver/stm32f4xx_hal_i2c.o
 .text.I2C_WaitOnBTFFlagUntilTimeout
                0x08006968       0x90 ./Drivers/STM32F4xx_HAL_Driver/stm32f4xx_hal_i2c.o
 .text.I2C_WaitOnRXNEFlagUntilTimeout
                0x080069f8       0xba ./Drivers/STM32F4xx_HAL_Driver/stm32f4xx_hal_i2c.o
 .text.I2C_IsAcknowledgeFailed
                0x08006ab2       0x5e ./Drivers/STM32F4xx_HAL_Driver/stm32f4xx_hal_i2c.o
 .text.HAL_RCC_OscConfig
                0x08006b10      0x4f0 ./Drivers/STM32F4xx_HAL_Driver/stm32f4xx_hal_rcc.o
                0x08006b10                HAL_RCC_OscConfig
 .text.HAL_RCC_ClockConfig
                0x08007000      0x1cc ./Drivers/STM32F4xx_HAL_Driver/stm32f4xx_hal_rcc.o
                0x08007000                HAL_RCC_ClockConfig
 .text.HAL_RCC_GetSysClockFreq
                0x080071cc      0x20c ./Drivers/STM32F4xx_HAL_Driver/stm32f4xx_hal_rcc.o
                0x080071cc                HAL_RCC_GetSysClockFreq
 .text.HAL_RCC_GetHCLKFreq
                0x080073d8       0x18 ./Drivers/STM32F4xx_HAL_Driver/stm32f4xx_hal_rcc.o
                0x080073d8                HAL_RCC_GetHCLKFreq
 .text.HAL_RCC_GetPCLK1Freq
                0x080073f0       0x28 ./Drivers/STM32F4xx_HAL_Driver/stm32f4xx_hal_rcc.o
                0x080073f0                HAL_RCC_GetPCLK1Freq
 .text.HAL_RCC_GetPCLK2Freq
                0x08007418       0x28 ./Drivers/STM32F4xx_HAL_Driver/stm32f4xx_hal_rcc.o
                0x08007418                HAL_RCC_GetPCLK2Freq
 .text.HAL_UART_Init
                0x08007440       0xa0 ./Drivers/STM32F4xx_HAL_Driver/stm32f4xx_hal_uart.o
                0x08007440                HAL_UART_Init
 .text.HAL_UART_Transmit
                0x080074e0      0x116 ./Drivers/STM32F4xx_HAL_Driver/stm32f4xx_hal_uart.o
                0x080074e0                HAL_UART_Transmit
 *fill*         0x080075f6        0x2 
 .text.HAL_UART_Transmit_DMA
                0x080075f8       0xf8 ./Drivers/STM32F4xx_HAL_Driver/stm32f4xx_hal_uart.o
                0x080075f8                HAL_UART_Transmit_DMA
 .text.HAL_UART_TxCpltCallback
                0x080076f0       0x14 ./Drivers/STM32F4xx_HAL_Driver/stm32f4xx_hal_uart.o
                0x080076f0                HAL_UART_TxCpltCallback
 .text.HAL_UART_TxHalfCpltCallback
                0x08007704       0x14 ./Drivers/STM32F4xx_HAL_Driver/stm32f4xx_hal_uart.o
                0x08007704                HAL_UART_TxHalfCpltCallback
 .text.HAL_UART_ErrorCallback
                0x08007718       0x14 ./Drivers/STM32F4xx_HAL_Driver/stm32f4xx_hal_uart.o
                0x08007718                HAL_UART_ErrorCallback
 .text.UART_DMATransmitCplt
                0x0800772c       0x9a ./Drivers/STM32F4xx_HAL_Driver/stm32f4xx_hal_uart.o
 .text.UART_DMATxHalfCplt
                0x080077c6       0x1c ./Drivers/STM32F4xx_HAL_Driver/stm32f4xx_hal_uart.o
 .text.UART_DMAError
                0x080077e2       0x94 ./Drivers/STM32F4xx_HAL_Driver/stm32f4xx_hal_uart.o
 .text.UART_WaitOnFlagUntilTimeout
                0x08007876       0xb2 ./Drivers/STM32F4xx_HAL_Driver/stm32f4xx_hal_uart.o
 .text.UART_EndTxTransfer
                0x08007928       0x50 ./Drivers/STM32F4xx_HAL_Driver/stm32f4xx_hal_uart.o
 .text.UART_EndRxTransfer
                0x08007978       0xc6 ./Drivers/STM32F4xx_HAL_Driver/stm32f4xx_hal_uart.o
 *fill*         0x08007a3e        0x2 
 .text.UART_SetConfig
                0x08007a40      0x4e8 ./Drivers/STM32F4xx_HAL_Driver/stm32f4xx_hal_uart.o
 .text._vsnprintf_r
                0x08007f28       0x5c D:/Software/STM32CubeIDE_2.1.0/STM32CubeIDE/plugins/com.st.stm32cube.ide.mcu.externaltools.gnu-tools-for-stm32.14.3.rel1.win32_1.0.100.202602081740/tools/bin/../lib/gcc/arm-none-eabi/14.3.1/../../../../arm-none-eabi/lib/thumb/v7e-m+fp/hard\libc_nano.a(libc_a-vsnprintf.o)
                0x08007f28                _vsniprintf_r
                0x08007f28                _vsnprintf_r
 .text.vsnprintf
                0x08007f84       0x1c D:/Software/STM32CubeIDE_2.1.0/STM32CubeIDE/plugins/com.st.stm32cube.ide.mcu.externaltools.gnu-tools-for-stm32.14.3.rel1.win32_1.0.100.202602081740/tools/bin/../lib/gcc/arm-none-eabi/14.3.1/../../../../arm-none-eabi/lib/thumb/v7e-m+fp/hard\libc_nano.a(libc_a-vsnprintf.o)
                0x08007f84                vsniprintf
                0x08007f84                vsnprintf
 .text.memset   0x08007fa0       0x10 D:/Software/STM32CubeIDE_2.1.0/STM32CubeIDE/plugins/com.st.stm32cube.ide.mcu.externaltools.gnu-tools-for-stm32.14.3.rel1.win32_1.0.100.202602081740/tools/bin/../lib/gcc/arm-none-eabi/14.3.1/../../../../arm-none-eabi/lib/thumb/v7e-m+fp/hard\libc_nano.a(libc_a-memset.o)
                0x08007fa0                memset
 .text.__errno  0x08007fb0        0xc D:/Software/STM32CubeIDE_2.1.0/STM32CubeIDE/plugins/com.st.stm32cube.ide.mcu.externaltools.gnu-tools-for-stm32.14.3.rel1.win32_1.0.100.202602081740/tools/bin/../lib/gcc/arm-none-eabi/14.3.1/../../../../arm-none-eabi/lib/thumb/v7e-m+fp/hard\libc_nano.a(libc_a-errno.o)
                0x08007fb0                __errno
 .text.__libc_init_array
                0x08007fbc       0x48 D:/Software/STM32CubeIDE_2.1.0/STM32CubeIDE/plugins/com.st.stm32cube.ide.mcu.externaltools.gnu-tools-for-stm32.14.3.rel1.win32_1.0.100.202602081740/tools/bin/../lib/gcc/arm-none-eabi/14.3.1/../../../../arm-none-eabi/lib/thumb/v7e-m+fp/hard\libc_nano.a(libc_a-init.o)
                0x08007fbc                __libc_init_array
 .text.__retarget_lock_acquire_recursive
                0x08008004        0x2 D:/Software/STM32CubeIDE_2.1.0/STM32CubeIDE/plugins/com.st.stm32cube.ide.mcu.externaltools.gnu-tools-for-stm32.14.3.rel1.win32_1.0.100.202602081740/tools/bin/../lib/gcc/arm-none-eabi/14.3.1/../../../../arm-none-eabi/lib/thumb/v7e-m+fp/hard\libc_nano.a(libc_a-lock.o)
                0x08008004                __retarget_lock_acquire_recursive
 .text.__retarget_lock_release_recursive
                0x08008006        0x2 D:/Software/STM32CubeIDE_2.1.0/STM32CubeIDE/plugins/com.st.stm32cube.ide.mcu.externaltools.gnu-tools-for-stm32.14.3.rel1.win32_1.0.100.202602081740/tools/bin/../lib/gcc/arm-none-eabi/14.3.1/../../../../arm-none-eabi/lib/thumb/v7e-m+fp/hard\libc_nano.a(libc_a-lock.o)
                0x08008006                __retarget_lock_release_recursive
 .text.memcpy   0x08008008       0x1c D:/Software/STM32CubeIDE_2.1.0/STM32CubeIDE/plugins/com.st.stm32cube.ide.mcu.externaltools.gnu-tools-for-stm32.14.3.rel1.win32_1.0.100.202602081740/tools/bin/../lib/gcc/arm-none-eabi/14.3.1/../../../../arm-none-eabi/lib/thumb/v7e-m+fp/hard\libc_nano.a(libc_a-memcpy-stub.o)
                0x08008008                memcpy
 .text._free_r  0x08008024       0x94 D:/Software/STM32CubeIDE_2.1.0/STM32CubeIDE/plugins/com.st.stm32cube.ide.mcu.externaltools.gnu-tools-for-stm32.14.3.rel1.win32_1.0.100.202602081740/tools/bin/../lib/gcc/arm-none-eabi/14.3.1/../../../../arm-none-eabi/lib/thumb/v7e-m+fp/hard\libc_nano.a(libc_a-freer.o)
                0x08008024                _free_r
 .text.sbrk_aligned
                0x080080b8       0x44 D:/Software/STM32CubeIDE_2.1.0/STM32CubeIDE/plugins/com.st.stm32cube.ide.mcu.externaltools.gnu-tools-for-stm32.14.3.rel1.win32_1.0.100.202602081740/tools/bin/../lib/gcc/arm-none-eabi/14.3.1/../../../../arm-none-eabi/lib/thumb/v7e-m+fp/hard\libc_nano.a(libc_a-mallocr.o)
 .text._malloc_r
                0x080080fc      0x100 D:/Software/STM32CubeIDE_2.1.0/STM32CubeIDE/plugins/com.st.stm32cube.ide.mcu.externaltools.gnu-tools-for-stm32.14.3.rel1.win32_1.0.100.202602081740/tools/bin/../lib/gcc/arm-none-eabi/14.3.1/../../../../arm-none-eabi/lib/thumb/v7e-m+fp/hard\libc_nano.a(libc_a-mallocr.o)
                0x080080fc                _malloc_r
 .text.__malloc_lock
                0x080081fc        0xc D:/Software/STM32CubeIDE_2.1.0/STM32CubeIDE/plugins/com.st.stm32cube.ide.mcu.externaltools.gnu-tools-for-stm32.14.3.rel1.win32_1.0.100.202602081740/tools/bin/../lib/gcc/arm-none-eabi/14.3.1/../../../../arm-none-eabi/lib/thumb/v7e-m+fp/hard\libc_nano.a(libc_a-mlock.o)
                0x080081fc                __malloc_lock
 .text.__malloc_unlock
                0x08008208        0xc D:/Software/STM32CubeIDE_2.1.0/STM32CubeIDE/plugins/com.st.stm32cube.ide.mcu.externaltools.gnu-tools-for-stm32.14.3.rel1.win32_1.0.100.202602081740/tools/bin/../lib/gcc/arm-none-eabi/14.3.1/../../../../arm-none-eabi/lib/thumb/v7e-m+fp/hard\libc_nano.a(libc_a-mlock.o)
                0x08008208                __malloc_unlock
 .text.__ssputs_r
                0x08008214       0xc0 D:/Software/STM32CubeIDE_2.1.0/STM32CubeIDE/plugins/com.st.stm32cube.ide.mcu.externaltools.gnu-tools-for-stm32.14.3.rel1.win32_1.0.100.202602081740/tools/bin/../lib/gcc/arm-none-eabi/14.3.1/../../../../arm-none-eabi/lib/thumb/v7e-m+fp/hard\libc_nano.a(libc_a-nano-svfprintf.o)
                0x08008214                __ssputs_r
 .text._svfprintf_r
                0x080082d4      0x1f0 D:/Software/STM32CubeIDE_2.1.0/STM32CubeIDE/plugins/com.st.stm32cube.ide.mcu.externaltools.gnu-tools-for-stm32.14.3.rel1.win32_1.0.100.202602081740/tools/bin/../lib/gcc/arm-none-eabi/14.3.1/../../../../arm-none-eabi/lib/thumb/v7e-m+fp/hard\libc_nano.a(libc_a-nano-svfprintf.o)
                0x080082d4                _svfiprintf_r
                0x080082d4                _svfprintf_r
 .text._printf_common
                0x080084c4       0xda D:/Software/STM32CubeIDE_2.1.0/STM32CubeIDE/plugins/com.st.stm32cube.ide.mcu.externaltools.gnu-tools-for-stm32.14.3.rel1.win32_1.0.100.202602081740/tools/bin/../lib/gcc/arm-none-eabi/14.3.1/../../../../arm-none-eabi/lib/thumb/v7e-m+fp/hard\libc_nano.a(libc_a-nano-vfprintf_i.o)
                0x080084c4                _printf_common
 *fill*         0x0800859e        0x2 
 .text._printf_i
                0x080085a0      0x24c D:/Software/STM32CubeIDE_2.1.0/STM32CubeIDE/plugins/com.st.stm32cube.ide.mcu.externaltools.gnu-tools-for-stm32.14.3.rel1.win32_1.0.100.202602081740/tools/bin/../lib/gcc/arm-none-eabi/14.3.1/../../../../arm-none-eabi/lib/thumb/v7e-m+fp/hard\libc_nano.a(libc_a-nano-vfprintf_i.o)
                0x080085a0                _printf_i
 .text.memmove  0x080087ec       0x32 D:/Software/STM32CubeIDE_2.1.0/STM32CubeIDE/plugins/com.st.stm32cube.ide.mcu.externaltools.gnu-tools-for-stm32.14.3.rel1.win32_1.0.100.202602081740/tools/bin/../lib/gcc/arm-none-eabi/14.3.1/../../../../arm-none-eabi/lib/thumb/v7e-m+fp/hard\libc_nano.a(libc_a-memmove.o)
                0x080087ec                memmove
 *fill*         0x0800881e        0x2 
 .text._sbrk_r  0x08008820       0x20 D:/Software/STM32CubeIDE_2.1.0/STM32CubeIDE/plugins/com.st.stm32cube.ide.mcu.externaltools.gnu-tools-for-stm32.14.3.rel1.win32_1.0.100.202602081740/tools/bin/../lib/gcc/arm-none-eabi/14.3.1/../../../../arm-none-eabi/lib/thumb/v7e-m+fp/hard\libc_nano.a(libc_a-sbrkr.o)
                0x08008820                _sbrk_r
 .text._realloc_r
                0x08008840       0x5c D:/Software/STM32CubeIDE_2.1.0/STM32CubeIDE/plugins/com.st.stm32cube.ide.mcu.externaltools.gnu-tools-for-stm32.14.3.rel1.win32_1.0.100.202602081740/tools/bin/../lib/gcc/arm-none-eabi/14.3.1/../../../../arm-none-eabi/lib/thumb/v7e-m+fp/hard\libc_nano.a(libc_a-reallocr.o)
                0x08008840                _realloc_r
 .text._malloc_usable_size_r
                0x0800889c       0x10 D:/Software/STM32CubeIDE_2.1.0/STM32CubeIDE/plugins/com.st.stm32cube.ide.mcu.externaltools.gnu-tools-for-stm32.14.3.rel1.win32_1.0.100.202602081740/tools/bin/../lib/gcc/arm-none-eabi/14.3.1/../../../../arm-none-eabi/lib/thumb/v7e-m+fp/hard\libc_nano.a(libc_a-msizer.o)
                0x0800889c                _malloc_usable_size_r
 *(.glue_7)
 .glue_7        0x080088ac        0x0 linker stubs
 *(.glue_7t)
 .glue_7t       0x080088ac        0x0 linker stubs
 *(.eh_frame)
 .eh_frame      0x080088ac        0x0 D:/Software/STM32CubeIDE_2.1.0/STM32CubeIDE/plugins/com.st.stm32cube.ide.mcu.externaltools.gnu-tools-for-stm32.14.3.rel1.win32_1.0.100.202602081740/tools/bin/../lib/gcc/arm-none-eabi/14.3.1/thumb/v7e-m+fp/hard/crtbegin.o
 *(.init)
 .init          0x080088ac        0x4 D:/Software/STM32CubeIDE_2.1.0/STM32CubeIDE/plugins/com.st.stm32cube.ide.mcu.externaltools.gnu-tools-for-stm32.14.3.rel1.win32_1.0.100.202602081740/tools/bin/../lib/gcc/arm-none-eabi/14.3.1/thumb/v7e-m+fp/hard/crti.o
                0x080088ac                _init
 .init          0x080088b0        0x8 D:/Software/STM32CubeIDE_2.1.0/STM32CubeIDE/plugins/com.st.stm32cube.ide.mcu.externaltools.gnu-tools-for-stm32.14.3.rel1.win32_1.0.100.202602081740/tools/bin/../lib/gcc/arm-none-eabi/14.3.1/thumb/v7e-m+fp/hard/crtn.o
 *(.fini)
 .fini          0x080088b8        0x4 D:/Software/STM32CubeIDE_2.1.0/STM32CubeIDE/plugins/com.st.stm32cube.ide.mcu.externaltools.gnu-tools-for-stm32.14.3.rel1.win32_1.0.100.202602081740/tools/bin/../lib/gcc/arm-none-eabi/14.3.1/thumb/v7e-m+fp/hard/crti.o
                0x080088b8                _fini
 .fini          0x080088bc        0x8 D:/Software/STM32CubeIDE_2.1.0/STM32CubeIDE/plugins/com.st.stm32cube.ide.mcu.externaltools.gnu-tools-for-stm32.14.3.rel1.win32_1.0.100.202602081740/tools/bin/../lib/gcc/arm-none-eabi/14.3.1/thumb/v7e-m+fp/hard/crtn.o
                0x080088c4                        . = ALIGN (0x4)
                0x080088c4                        _etext = .

.vfp11_veneer   0x080088c4        0x0
 .vfp11_veneer  0x080088c4        0x0 linker stubs

.v4_bx          0x080088c4        0x0
 .v4_bx         0x080088c4        0x0 linker stubs

.iplt           0x080088c4        0x0
 .iplt          0x080088c4        0x0 D:/Software/STM32CubeIDE_2.1.0/STM32CubeIDE/plugins/com.st.stm32cube.ide.mcu.externaltools.gnu-tools-for-stm32.14.3.rel1.win32_1.0.100.202602081740/tools/bin/../lib/gcc/arm-none-eabi/14.3.1/thumb/v7e-m+fp/hard/crtbegin.o

.rodata         0x080088c4    0x2b248
                0x080088c4                        . = ALIGN (0x4)
 *(.rodata)
 .rodata        0x080088c4       0x27 ./Application/User/Core/main.o
 *fill*         0x080088eb        0x1 
 .rodata        0x080088ec      0x302 ./Application/User/Core/sensing_engine.o
 *fill*         0x08008bee        0x2 
 .rodata        0x08008bf0       0x6c ./Drivers/BSP/VL53L5CX/src/vl53l5cx_api.o
 .rodata        0x08008c5c       0x6c ./Drivers/BSP/VL53L8CX/src/vl53l8cx_api.o
 *(.rodata*)
 .rodata.VL53L5CX_FIRMWARE
                0x08008cc8    0x15000 ./Drivers/BSP/VL53L5CX/src/vl53l5cx_api.o
                0x08008cc8                VL53L5CX_FIRMWARE
 .rodata.VL53L5CX_DEFAULT_CONFIGURATION
                0x0801dcc8      0x3cc ./Drivers/BSP/VL53L5CX/src/vl53l5cx_api.o
                0x0801dcc8                VL53L5CX_DEFAULT_CONFIGURATION
 .rodata.VL53L5CX_DEFAULT_XTALK
                0x0801e094      0x308 ./Drivers/BSP/VL53L5CX/src/vl53l5cx_api.o
                0x0801e094                VL53L5CX_DEFAULT_XTALK
 .rodata.VL53L5CX_GET_NVM_CMD
                0x0801e39c       0x28 ./Drivers/BSP/VL53L5CX/src/vl53l5cx_api.o
                0x0801e39c                VL53L5CX_GET_NVM_CMD
 .rodata.VL53L8CX_FIRMWARE
                0x0801e3c4    0x15000 ./Drivers/BSP/VL53L8CX/src/vl53l8cx_api.o
                0x0801e3c4                VL53L8CX_FIRMWARE
 .rodata.VL53L8CX_DEFAULT_CONFIGURATION
                0x080333c4      0x3cc ./Drivers/BSP/VL53L8CX/src/vl53l8cx_api.o
                0x080333c4                VL53L8CX_DEFAULT_CONFIGURATION
 .rodata.VL53L8CX_DEFAULT_XTALK
                0x08033790      0x308 ./Drivers/BSP/VL53L8CX/src/vl53l8cx_api.o
                0x08033790                VL53L8CX_DEFAULT_XTALK
 .rodata.VL53L8CX_GET_NVM_CMD
                0x08033a98       0x28 ./Drivers/BSP/VL53L8CX/src/vl53l8cx_api.o
                0x08033a98                VL53L8CX_GET_NVM_CMD
 .rodata.AHBPrescTable
                0x08033ac0       0x10 ./Drivers/CMSIS/system_stm32f4xx.o
                0x08033ac0                AHBPrescTable
 .rodata.APBPrescTable
                0x08033ad0        0x8 ./Drivers/CMSIS/system_stm32f4xx.o
                0x08033ad0                APBPrescTable
 .rodata._svfprintf_r.str1.1
                0x08033ad8       0x33 D:/Software/STM32CubeIDE_2.1.0/STM32CubeIDE/plugins/com.st.stm32cube.ide.mcu.externaltools.gnu-tools-for-stm32.14.3.rel1.win32_1.0.100.202602081740/tools/bin/../lib/gcc/arm-none-eabi/14.3.1/../../../../arm-none-eabi/lib/thumb/v7e-m+fp/hard\libc_nano.a(libc_a-nano-svfprintf.o)
                                 0x11 (size before relaxing)
 .rodata._printf_i.str1.1
                0x08033b0b       0x22 D:/Software/STM32CubeIDE_2.1.0/STM32CubeIDE/plugins/com.st.stm32cube.ide.mcu.externaltools.gnu-tools-for-stm32.14.3.rel1.win32_1.0.100.202602081740/tools/bin/../lib/gcc/arm-none-eabi/14.3.1/../../../../arm-none-eabi/lib/thumb/v7e-m+fp/hard\libc_nano.a(libc_a-nano-vfprintf_i.o)
                0x08033b30                        . = ALIGN (0x4)
 *fill*         0x08033b0b        0x1 

.ARM.extab      0x08033b0c        0x0
                0x08033b0c                        . = ALIGN (0x4)
 *(.ARM.extab* .gnu.linkonce.armextab.*)
                0x08033b0c                        . = ALIGN (0x4)

.ARM            0x08033b0c        0x8
                0x08033b0c                        . = ALIGN (0x4)
                0x08033b0c                        __exidx_start = .
 *(.ARM.exidx*)
 .ARM.exidx     0x08033b0c        0x8 D:/Software/STM32CubeIDE_2.1.0/STM32CubeIDE/plugins/com.st.stm32cube.ide.mcu.externaltools.gnu-tools-for-stm32.14.3.rel1.win32_1.0.100.202602081740/tools/bin/../lib/gcc/arm-none-eabi/14.3.1/../../../../arm-none-eabi/lib/thumb/v7e-m+fp/hard\libc_nano.a(libc_a-strlen.o)
 .ARM.exidx     0x08033b14        0x0 D:/Software/STM32CubeIDE_2.1.0/STM32CubeIDE/plugins/com.st.stm32cube.ide.mcu.externaltools.gnu-tools-for-stm32.14.3.rel1.win32_1.0.100.202602081740/tools/bin/../lib/gcc/arm-none-eabi/14.3.1/../../../../arm-none-eabi/lib/thumb/v7e-m+fp/hard\libc_nano.a(libc_a-memchr.o)
                                  0x8 (size before relaxing)
 .ARM.exidx     0x08033b14        0x0 D:/Software/STM32CubeIDE_2.1.0/STM32CubeIDE/plugins/com.st.stm32cube.ide.mcu.externaltools.gnu-tools-for-stm32.14.3.rel1.win32_1.0.100.202602081740/tools/bin/../lib/gcc/arm-none-eabi/14.3.1/thumb/v7e-m+fp/hard\libgcc.a(_udivmoddi4.o)
                                  0x8 (size before relaxing)
                0x08033b14                        __exidx_end = .
                0x08033b14                        . = ALIGN (0x4)

.preinit_array  0x08033b14        0x0
                0x08033b14                        . = ALIGN (0x4)
                0x08033b14                        PROVIDE (__preinit_array_start = .)
 *(.preinit_array*)
                0x08033b14                        PROVIDE (__preinit_array_end = .)
                0x08033b14                        . = ALIGN (0x4)

.init_array     0x08033b14        0x4
                0x08033b14                        . = ALIGN (0x4)
                0x08033b14                        PROVIDE (__init_array_start = .)
 *(SORT_BY_NAME(.init_array.*))
 *(.init_array*)
 .init_array    0x08033b14        0x4 D:/Software/STM32CubeIDE_2.1.0/STM32CubeIDE/plugins/com.st.stm32cube.ide.mcu.externaltools.gnu-tools-for-stm32.14.3.rel1.win32_1.0.100.202602081740/tools/bin/../lib/gcc/arm-none-eabi/14.3.1/thumb/v7e-m+fp/hard/crtbegin.o
                0x08033b18                        PROVIDE (__init_array_end = .)
                0x08033b18                        . = ALIGN (0x4)

.fini_array     0x08033b18        0x4
                0x08033b18                        . = ALIGN (0x4)
                [!provide]                        PROVIDE (__fini_array_start = .)
 *(SORT_BY_NAME(.fini_array.*))
 *(.fini_array*)
 .fini_array    0x08033b18        0x4 D:/Software/STM32CubeIDE_2.1.0/STM32CubeIDE/plugins/com.st.stm32cube.ide.mcu.externaltools.gnu-tools-for-stm32.14.3.rel1.win32_1.0.100.202602081740/tools/bin/../lib/gcc/arm-none-eabi/14.3.1/thumb/v7e-m+fp/hard/crtbegin.o
                [!provide]                        PROVIDE (__fini_array_end = .)
                0x08033b1c                        . = ALIGN (0x4)
                0x08033b1c                        _sidata = LOADADDR (.data)

.rel.dyn        0x08033b1c        0x0
 .rel.iplt      0x08033b1c        0x0 D:/Software/STM32CubeIDE_2.1.0/STM32CubeIDE/plugins/com.st.stm32cube.ide.mcu.externaltools.gnu-tools-for-stm32.14.3.rel1.win32_1.0.100.202602081740/tools/bin/../lib/gcc/arm-none-eabi/14.3.1/thumb/v7e-m+fp/hard/crtbegin.o

.data           0x20000000       0x5c load address 0x08033b1c
                0x20000000                        . = ALIGN (0x4)
                0x20000000                        _sdata = .
 *(.data)
 *(.data*)
 .data.SystemCoreClock
                0x20000000        0x4 ./Drivers/CMSIS/system_stm32f4xx.o
                0x20000000                SystemCoreClock
 .data.uwTickPrio
                0x20000004        0x4 ./Drivers/STM32F4xx_HAL_Driver/stm32f4xx_hal.o
                0x20000004                uwTickPrio
 .data.uwTickFreq
                0x20000008        0x1 ./Drivers/STM32F4xx_HAL_Driver/stm32f4xx_hal.o
                0x20000008                uwTickFreq
 *fill*         0x20000009        0x3 
 .data._impure_ptr
                0x2000000c        0x4 D:/Software/STM32CubeIDE_2.1.0/STM32CubeIDE/plugins/com.st.stm32cube.ide.mcu.externaltools.gnu-tools-for-stm32.14.3.rel1.win32_1.0.100.202602081740/tools/bin/../lib/gcc/arm-none-eabi/14.3.1/../../../../arm-none-eabi/lib/thumb/v7e-m+fp/hard\libc_nano.a(libc_a-impure.o)
                0x2000000c                _impure_ptr
 .data._impure_data
                0x20000010       0x4c D:/Software/STM32CubeIDE_2.1.0/STM32CubeIDE/plugins/com.st.stm32cube.ide.mcu.externaltools.gnu-tools-for-stm32.14.3.rel1.win32_1.0.100.202602081740/tools/bin/../lib/gcc/arm-none-eabi/14.3.1/../../../../arm-none-eabi/lib/thumb/v7e-m+fp/hard\libc_nano.a(libc_a-impure.o)
                0x20000010                _impure_data
 *(.RamFunc)
 *(.RamFunc*)
                0x2000005c                        . = ALIGN (0x4)
                0x2000005c                        _edata = .

.igot.plt       0x2000005c        0x0 load address 0x08033b78
 .igot.plt      0x2000005c        0x0 D:/Software/STM32CubeIDE_2.1.0/STM32CubeIDE/plugins/com.st.stm32cube.ide.mcu.externaltools.gnu-tools-for-stm32.14.3.rel1.win32_1.0.100.202602081740/tools/bin/../lib/gcc/arm-none-eabi/14.3.1/thumb/v7e-m+fp/hard/crtbegin.o
                0x2000005c                        . = ALIGN (0x4)

.bss            0x2000005c     0x2664 load address 0x08033b78
                0x2000005c                        _sbss = .
                0x2000005c                        __bss_start__ = _sbss
 *(.bss)
 .bss           0x2000005c       0x1c D:/Software/STM32CubeIDE_2.1.0/STM32CubeIDE/plugins/com.st.stm32cube.ide.mcu.externaltools.gnu-tools-for-stm32.14.3.rel1.win32_1.0.100.202602081740/tools/bin/../lib/gcc/arm-none-eabi/14.3.1/thumb/v7e-m+fp/hard/crtbegin.o
 *(.bss*)
 .bss.hi2c1     0x20000078       0x54 ./Application/User/Core/i2c.o
                0x20000078                hi2c1
 .bss.sensor1_cfg
                0x200000cc      0xab0 ./Application/User/Core/sensing_engine.o
 .bss.sensor2_cfg
                0x20000b7c      0xab0 ./Application/User/Core/sensing_engine.o
 .bss.sensor3_cfg
                0x2000162c      0xab0 ./Application/User/Core/sensing_engine.o
 .bss.current_frame_id
                0x200020dc        0x4 ./Application/User/Core/sensing_engine.o
 .bss.packet_front
                0x200020e0       0x94 ./Application/User/Core/sensing_engine.o
                0x200020e0                packet_front
 .bss.packet_rear
                0x20002174       0x94 ./Application/User/Core/sensing_engine.o
                0x20002174                packet_rear
 .bss.packet_toe
                0x20002208       0x94 ./Application/User/Core/sensing_engine.o
                0x20002208                packet_toe
 .bss.live_front_distance
                0x2000229c       0x80 ./Application/User/Core/sensing_engine.o
                0x2000229c                live_front_distance
 .bss.live_front_status
                0x2000231c       0x40 ./Application/User/Core/sensing_engine.o
                0x2000231c                live_front_status
 .bss.live_rear_distance
                0x2000235c       0x80 ./Application/User/Core/sensing_engine.o
                0x2000235c                live_rear_distance
 .bss.live_rear_status
                0x200023dc       0x40 ./Application/User/Core/sensing_engine.o
                0x200023dc                live_rear_status
 .bss.live_toe_distance
                0x2000241c       0x80 ./Application/User/Core/sensing_engine.o
                0x2000241c                live_toe_distance
 .bss.live_toe_status
                0x2000249c       0x40 ./Application/User/Core/sensing_engine.o
                0x2000249c                live_toe_status
 .bss.push_state
                0x200024dc        0x1 ./Application/User/Core/sensing_engine.o
 .bss.sensors_initialized
                0x200024dd        0x1 ./Application/User/Core/sensing_engine.o
 *fill*         0x200024de        0x2 
 .bss.__sbrk_heap_end
                0x200024e0        0x4 ./Application/User/Core/sysmem.o
 .bss.huart1    0x200024e4       0x48 ./Application/User/Core/usart.o
                0x200024e4                huart1
 .bss.huart2    0x2000252c       0x48 ./Application/User/Core/usart.o
                0x2000252c                huart2
 .bss.uwTick    0x20002574        0x4 ./Drivers/STM32F4xx_HAL_Driver/stm32f4xx_hal.o
                0x20002574                uwTick
 .bss.__sf      0x20002578      0x138 D:/Software/STM32CubeIDE_2.1.0/STM32CubeIDE/plugins/com.st.stm32cube.ide.mcu.externaltools.gnu-tools-for-stm32.14.3.rel1.win32_1.0.100.202602081740/tools/bin/../lib/gcc/arm-none-eabi/14.3.1/../../../../arm-none-eabi/lib/thumb/v7e-m+fp/hard\libc_nano.a(libc_a-findfp.o)
                0x20002578                __sf
 .bss.errno     0x200026b0        0x4 D:/Software/STM32CubeIDE_2.1.0/STM32CubeIDE/plugins/com.st.stm32cube.ide.mcu.externaltools.gnu-tools-for-stm32.14.3.rel1.win32_1.0.100.202602081740/tools/bin/../lib/gcc/arm-none-eabi/14.3.1/../../../../arm-none-eabi/lib/thumb/v7e-m+fp/hard\libc_nano.a(libc_a-reent.o)
                0x200026b0                errno
 .bss.__lock___malloc_recursive_mutex
                0x200026b4        0x1 D:/Software/STM32CubeIDE_2.1.0/STM32CubeIDE/plugins/com.st.stm32cube.ide.mcu.externaltools.gnu-tools-for-stm32.14.3.rel1.win32_1.0.100.202602081740/tools/bin/../lib/gcc/arm-none-eabi/14.3.1/../../../../arm-none-eabi/lib/thumb/v7e-m+fp/hard\libc_nano.a(libc_a-lock.o)
                0x200026b4                __lock___malloc_recursive_mutex
 *fill*         0x200026b5        0x3 
 .bss.__malloc_sbrk_start
                0x200026b8        0x4 D:/Software/STM32CubeIDE_2.1.0/STM32CubeIDE/plugins/com.st.stm32cube.ide.mcu.externaltools.gnu-tools-for-stm32.14.3.rel1.win32_1.0.100.202602081740/tools/bin/../lib/gcc/arm-none-eabi/14.3.1/../../../../arm-none-eabi/lib/thumb/v7e-m+fp/hard\libc_nano.a(libc_a-mallocr.o)
                0x200026b8                __malloc_sbrk_start
 .bss.__malloc_free_list
                0x200026bc        0x4 D:/Software/STM32CubeIDE_2.1.0/STM32CubeIDE/plugins/com.st.stm32cube.ide.mcu.externaltools.gnu-tools-for-stm32.14.3.rel1.win32_1.0.100.202602081740/tools/bin/../lib/gcc/arm-none-eabi/14.3.1/../../../../arm-none-eabi/lib/thumb/v7e-m+fp/hard\libc_nano.a(libc_a-mallocr.o)
                0x200026bc                __malloc_free_list
 *(COMMON)
                0x200026c0                        . = ALIGN (0x4)
                0x200026c0                        _ebss = .
                0x200026c0                        __bss_end__ = _ebss

._user_heap_stack
                0x200026c0     0x1800 load address 0x08033b78
                0x200026c0                        . = ALIGN (0x8)
                [!provide]                        PROVIDE (end = .)
                0x200026c0                        PROVIDE (_end = .)
                0x20002ec0                        . = (. + _Min_Heap_Size)
 *fill*         0x200026c0      0x800 
                0x20003ec0                        . = (. + _Min_Stack_Size)
 *fill*         0x20002ec0     0x1000 
                0x20003ec0                        . = ALIGN (0x8)

/DISCARD/
 libc.a(*)
 libm.a(*)
 libgcc.a(*)

.ARM.attributes
                0x00000000       0x30
 *(.ARM.attributes)
 .ARM.attributes
                0x00000000       0x22 D:/Software/STM32CubeIDE_2.1.0/STM32CubeIDE/plugins/com.st.stm32cube.ide.mcu.externaltools.gnu-tools-for-stm32.14.3.rel1.win32_1.0.100.202602081740/tools/bin/../lib/gcc/arm-none-eabi/14.3.1/thumb/v7e-m+fp/hard/crti.o
 .ARM.attributes
                0x00000022       0x34 D:/Software/STM32CubeIDE_2.1.0/STM32CubeIDE/plugins/com.st.stm32cube.ide.mcu.externaltools.gnu-tools-for-stm32.14.3.rel1.win32_1.0.100.202602081740/tools/bin/../lib/gcc/arm-none-eabi/14.3.1/thumb/v7e-m+fp/hard/crtbegin.o
 .ARM.attributes
                0x00000056       0x34 ./Application/User/Core/gpio.o
 .ARM.attributes
                0x0000008a       0x34 ./Application/User/Core/i2c.o
 .ARM.attributes
                0x000000be       0x34 ./Application/User/Core/main.o
 .ARM.attributes
                0x000000f2       0x34 ./Application/User/Core/sensing_engine.o
 .ARM.attributes
                0x00000126       0x34 ./Application/User/Core/stm32f4xx_hal_msp.o
 .ARM.attributes
                0x0000015a       0x34 ./Application/User/Core/stm32f4xx_it.o
 .ARM.attributes
                0x0000018e       0x34 ./Application/User/Core/sysmem.o
 .ARM.attributes
                0x000001c2       0x34 ./Application/User/Core/usart.o
 .ARM.attributes
                0x000001f6       0x21 ./Application/User/Startup/startup_stm32f401retx.o
 .ARM.attributes
                0x00000217       0x34 ./Drivers/BSP/VL53L5CX/src/vl53l5cx_api.o
 .ARM.attributes
                0x0000024b       0x34 ./Drivers/BSP/VL53L5CX_Platform/vl53l5cx_platform.o
 .ARM.attributes
                0x0000027f       0x34 ./Drivers/BSP/VL53L8CX/src/vl53l8cx_api.o
 .ARM.attributes
                0x000002b3       0x34 ./Drivers/BSP/VL53L8CX_Platform/vl53l8cx_platform.o
 .ARM.attributes
                0x000002e7       0x34 ./Drivers/CMSIS/system_stm32f4xx.o
 .ARM.attributes
                0x0000031b       0x34 ./Drivers/STM32F4xx_HAL_Driver/stm32f4xx_hal.o
 .ARM.attributes
                0x0000034f       0x34 ./Drivers/STM32F4xx_HAL_Driver/stm32f4xx_hal_cortex.o
 .ARM.attributes
                0x00000383       0x34 ./Drivers/STM32F4xx_HAL_Driver/stm32f4xx_hal_dma.o
 .ARM.attributes
                0x000003b7       0x34 ./Drivers/STM32F4xx_HAL_Driver/stm32f4xx_hal_gpio.o
 .ARM.attributes
                0x000003eb       0x34 ./Drivers/STM32F4xx_HAL_Driver/stm32f4xx_hal_i2c.o
 .ARM.attributes
                0x0000041f       0x34 ./Drivers/STM32F4xx_HAL_Driver/stm32f4xx_hal_rcc.o
 .ARM.attributes
                0x00000453       0x34 ./Drivers/STM32F4xx_HAL_Driver/stm32f4xx_hal_uart.o
 .ARM.attributes
                0x00000487       0x34 D:/Software/STM32CubeIDE_2.1.0/STM32CubeIDE/plugins/com.st.stm32cube.ide.mcu.externaltools.gnu-tools-for-stm32.14.3.rel1.win32_1.0.100.202602081740/tools/bin/../lib/gcc/arm-none-eabi/14.3.1/../../../../arm-none-eabi/lib/thumb/v7e-m+fp/hard\libc_nano.a(libc_a-findfp.o)
 .ARM.attributes
                0x000004bb       0x34 D:/Software/STM32CubeIDE_2.1.0/STM32CubeIDE/plugins/com.st.stm32cube.ide.mcu.externaltools.gnu-tools-for-stm32.14.3.rel1.win32_1.0.100.202602081740/tools/bin/../lib/gcc/arm-none-eabi/14.3.1/../../../../arm-none-eabi/lib/thumb/v7e-m+fp/hard\libc_nano.a(libc_a-vsnprintf.o)
 .ARM.attributes
                0x000004ef       0x34 D:/Software/STM32CubeIDE_2.1.0/STM32CubeIDE/plugins/com.st.stm32cube.ide.mcu.externaltools.gnu-tools-for-stm32.14.3.rel1.win32_1.0.100.202602081740/tools/bin/../lib/gcc/arm-none-eabi/14.3.1/../../../../arm-none-eabi/lib/thumb/v7e-m+fp/hard\libc_nano.a(libc_a-memset.o)
 .ARM.attributes
                0x00000523       0x34 D:/Software/STM32CubeIDE_2.1.0/STM32CubeIDE/plugins/com.st.stm32cube.ide.mcu.externaltools.gnu-tools-for-stm32.14.3.rel1.win32_1.0.100.202602081740/tools/bin/../lib/gcc/arm-none-eabi/14.3.1/../../../../arm-none-eabi/lib/thumb/v7e-m+fp/hard\libc_nano.a(libc_a-reent.o)
 .ARM.attributes
                0x00000557       0x34 D:/Software/STM32CubeIDE_2.1.0/STM32CubeIDE/plugins/com.st.stm32cube.ide.mcu.externaltools.gnu-tools-for-stm32.14.3.rel1.win32_1.0.100.202602081740/tools/bin/../lib/gcc/arm-none-eabi/14.3.1/../../../../arm-none-eabi/lib/thumb/v7e-m+fp/hard\libc_nano.a(libc_a-impure.o)
 .ARM.attributes
                0x0000058b       0x34 D:/Software/STM32CubeIDE_2.1.0/STM32CubeIDE/plugins/com.st.stm32cube.ide.mcu.externaltools.gnu-tools-for-stm32.14.3.rel1.win32_1.0.100.202602081740/tools/bin/../lib/gcc/arm-none-eabi/14.3.1/../../../../arm-none-eabi/lib/thumb/v7e-m+fp/hard\libc_nano.a(libc_a-errno.o)
 .ARM.attributes
                0x000005bf       0x34 D:/Software/STM32CubeIDE_2.1.0/STM32CubeIDE/plugins/com.st.stm32cube.ide.mcu.externaltools.gnu-tools-for-stm32.14.3.rel1.win32_1.0.100.202602081740/tools/bin/../lib/gcc/arm-none-eabi/14.3.1/../../../../arm-none-eabi/lib/thumb/v7e-m+fp/hard\libc_nano.a(libc_a-init.o)
 .ARM.attributes
                0x000005f3       0x34 D:/Software/STM32CubeIDE_2.1.0/STM32CubeIDE/plugins/com.st.stm32cube.ide.mcu.externaltools.gnu-tools-for-stm32.14.3.rel1.win32_1.0.100.202602081740/tools/bin/../lib/gcc/arm-none-eabi/14.3.1/../../../../arm-none-eabi/lib/thumb/v7e-m+fp/hard\libc_nano.a(libc_a-lock.o)
 .ARM.attributes
                0x00000627       0x34 D:/Software/STM32CubeIDE_2.1.0/STM32CubeIDE/plugins/com.st.stm32cube.ide.mcu.externaltools.gnu-tools-for-stm32.14.3.rel1.win32_1.0.100.202602081740/tools/bin/../lib/gcc/arm-none-eabi/14.3.1/../../../../arm-none-eabi/lib/thumb/v7e-m+fp/hard\libc_nano.a(libc_a-memcpy-stub.o)
 .ARM.attributes
                0x0000065b       0x17 D:/Software/STM32CubeIDE_2.1.0/STM32CubeIDE/plugins/com.st.stm32cube.ide.mcu.externaltools.gnu-tools-for-stm32.14.3.rel1.win32_1.0.100.202602081740/tools/bin/../lib/gcc/arm-none-eabi/14.3.1/../../../../arm-none-eabi/lib/thumb/v7e-m+fp/hard\libc_nano.a(libc_a-strlen.o)
 .ARM.attributes
                0x00000672       0x34 D:/Software/STM32CubeIDE_2.1.0/STM32CubeIDE/plugins/com.st.stm32cube.ide.mcu.externaltools.gnu-tools-for-stm32.14.3.rel1.win32_1.0.100.202602081740/tools/bin/../lib/gcc/arm-none-eabi/14.3.1/../../../../arm-none-eabi/lib/thumb/v7e-m+fp/hard\libc_nano.a(libc_a-freer.o)
 .ARM.attributes
                0x000006a6       0x34 D:/Software/STM32CubeIDE_2.1.0/STM32CubeIDE/plugins/com.st.stm32cube.ide.mcu.externaltools.gnu-tools-for-stm32.14.3.rel1.win32_1.0.100.202602081740/tools/bin/../lib/gcc/arm-none-eabi/14.3.1/../../../../arm-none-eabi/lib/thumb/v7e-m+fp/hard\libc_nano.a(libc_a-mallocr.o)
 .ARM.attributes
                0x000006da       0x34 D:/Software/STM32CubeIDE_2.1.0/STM32CubeIDE/plugins/com.st.stm32cube.ide.mcu.externaltools.gnu-tools-for-stm32.14.3.rel1.win32_1.0.100.202602081740/tools/bin/../lib/gcc/arm-none-eabi/14.3.1/../../../../arm-none-eabi/lib/thumb/v7e-m+fp/hard\libc_nano.a(libc_a-mlock.o)
 .ARM.attributes
                0x0000070e       0x34 D:/Software/STM32CubeIDE_2.1.0/STM32CubeIDE/plugins/com.st.stm32cube.ide.mcu.externaltools.gnu-tools-for-stm32.14.3.rel1.win32_1.0.100.202602081740/tools/bin/../lib/gcc/arm-none-eabi/14.3.1/../../../../arm-none-eabi/lib/thumb/v7e-m+fp/hard\libc_nano.a(libc_a-nano-svfprintf.o)
 .ARM.attributes
                0x00000742       0x34 D:/Software/STM32CubeIDE_2.1.0/STM32CubeIDE/plugins/com.st.stm32cube.ide.mcu.externaltools.gnu-tools-for-stm32.14.3.rel1.win32_1.0.100.202602081740/tools/bin/../lib/gcc/arm-none-eabi/14.3.1/../../../../arm-none-eabi/lib/thumb/v7e-m+fp/hard\libc_nano.a(libc_a-nano-vfprintf_i.o)
 .ARM.attributes
                0x00000776       0x34 D:/Software/STM32CubeIDE_2.1.0/STM32CubeIDE/plugins/com.st.stm32cube.ide.mcu.externaltools.gnu-tools-for-stm32.14.3.rel1.win32_1.0.100.202602081740/tools/bin/../lib/gcc/arm-none-eabi/14.3.1/../../../../arm-none-eabi/lib/thumb/v7e-m+fp/hard\libc_nano.a(libc_a-memmove.o)
 .ARM.attributes
                0x000007aa       0x34 D:/Software/STM32CubeIDE_2.1.0/STM32CubeIDE/plugins/com.st.stm32cube.ide.mcu.externaltools.gnu-tools-for-stm32.14.3.rel1.win32_1.0.100.202602081740/tools/bin/../lib/gcc/arm-none-eabi/14.3.1/../../../../arm-none-eabi/lib/thumb/v7e-m+fp/hard\libc_nano.a(libc_a-sbrkr.o)
 .ARM.attributes
                0x000007de       0x1c D:/Software/STM32CubeIDE_2.1.0/STM32CubeIDE/plugins/com.st.stm32cube.ide.mcu.externaltools.gnu-tools-for-stm32.14.3.rel1.win32_1.0.100.202602081740/tools/bin/../lib/gcc/arm-none-eabi/14.3.1/../../../../arm-none-eabi/lib/thumb/v7e-m+fp/hard\libc_nano.a(libc_a-memchr.o)
 .ARM.attributes
                0x000007fa       0x34 D:/Software/STM32CubeIDE_2.1.0/STM32CubeIDE/plugins/com.st.stm32cube.ide.mcu.externaltools.gnu-tools-for-stm32.14.3.rel1.win32_1.0.100.202602081740/tools/bin/../lib/gcc/arm-none-eabi/14.3.1/../../../../arm-none-eabi/lib/thumb/v7e-m+fp/hard\libc_nano.a(libc_a-reallocr.o)
 .ARM.attributes
                0x0000082e       0x34 D:/Software/STM32CubeIDE_2.1.0/STM32CubeIDE/plugins/com.st.stm32cube.ide.mcu.externaltools.gnu-tools-for-stm32.14.3.rel1.win32_1.0.100.202602081740/tools/bin/../lib/gcc/arm-none-eabi/14.3.1/../../../../arm-none-eabi/lib/thumb/v7e-m+fp/hard\libc_nano.a(libc_a-msizer.o)
 .ARM.attributes
                0x00000862       0x22 D:/Software/STM32CubeIDE_2.1.0/STM32CubeIDE/plugins/com.st.stm32cube.ide.mcu.externaltools.gnu-tools-for-stm32.14.3.rel1.win32_1.0.100.202602081740/tools/bin/../lib/gcc/arm-none-eabi/14.3.1/thumb/v7e-m+fp/hard\libgcc.a(_aeabi_uldivmod.o)
 .ARM.attributes
                0x00000884       0x34 D:/Software/STM32CubeIDE_2.1.0/STM32CubeIDE/plugins/com.st.stm32cube.ide.mcu.externaltools.gnu-tools-for-stm32.14.3.rel1.win32_1.0.100.202602081740/tools/bin/../lib/gcc/arm-none-eabi/14.3.1/thumb/v7e-m+fp/hard\libgcc.a(_udivmoddi4.o)
 .ARM.attributes
                0x000008b8       0x22 D:/Software/STM32CubeIDE_2.1.0/STM32CubeIDE/plugins/com.st.stm32cube.ide.mcu.externaltools.gnu-tools-for-stm32.14.3.rel1.win32_1.0.100.202602081740/tools/bin/../lib/gcc/arm-none-eabi/14.3.1/thumb/v7e-m+fp/hard\libgcc.a(_dvmd_tls.o)
 .ARM.attributes
                0x000008da       0x22 D:/Software/STM32CubeIDE_2.1.0/STM32CubeIDE/plugins/com.st.stm32cube.ide.mcu.externaltools.gnu-tools-for-stm32.14.3.rel1.win32_1.0.100.202602081740/tools/bin/../lib/gcc/arm-none-eabi/14.3.1/thumb/v7e-m+fp/hard/crtn.o
OUTPUT(StepSense_260307.elf elf32-littlearm)
LOAD linker stubs
LOAD D:/Software/STM32CubeIDE_2.1.0/STM32CubeIDE/plugins/com.st.stm32cube.ide.mcu.externaltools.gnu-tools-for-stm32.14.3.rel1.win32_1.0.100.202602081740/tools/bin/../lib/gcc/arm-none-eabi/14.3.1/../../../../arm-none-eabi/lib/thumb/v7e-m+fp/hard\libc.a
LOAD D:/Software/STM32CubeIDE_2.1.0/STM32CubeIDE/plugins/com.st.stm32cube.ide.mcu.externaltools.gnu-tools-for-stm32.14.3.rel1.win32_1.0.100.202602081740/tools/bin/../lib/gcc/arm-none-eabi/14.3.1/../../../../arm-none-eabi/lib/thumb/v7e-m+fp/hard\libm.a
LOAD D:/Software/STM32CubeIDE_2.1.0/STM32CubeIDE/plugins/com.st.stm32cube.ide.mcu.externaltools.gnu-tools-for-stm32.14.3.rel1.win32_1.0.100.202602081740/tools/bin/../lib/gcc/arm-none-eabi/14.3.1/thumb/v7e-m+fp/hard\libgcc.a

.debug_info     0x00000000     0xf41d
 .debug_info    0x00000000      0x433 ./Application/User/Core/gpio.o
 .debug_info    0x00000433      0x9a5 ./Application/User/Core/i2c.o
 .debug_info    0x00000dd8      0x530 ./Application/User/Core/main.o
 .debug_info    0x00001308     0x1583 ./Application/User/Core/sensing_engine.o
 .debug_info    0x0000288b      0x291 ./Application/User/Core/stm32f4xx_hal_msp.o
 .debug_info    0x00002b1c      0x112 ./Application/User/Core/stm32f4xx_it.o
 .debug_info    0x00002c2e      0x168 ./Application/User/Core/sysmem.o
 .debug_info    0x00002d96      0x9a6 ./Application/User/Core/usart.o
 .debug_info    0x0000373c       0x30 ./Application/User/Startup/startup_stm32f401retx.o
 .debug_info    0x0000376c     0x11f7 ./Drivers/BSP/VL53L5CX/src/vl53l5cx_api.o
 .debug_info    0x00004963      0x8b3 ./Drivers/BSP/VL53L5CX_Platform/vl53l5cx_platform.o
 .debug_info    0x00005216     0x1205 ./Drivers/BSP/VL53L8CX/src/vl53l8cx_api.o
 .debug_info    0x0000641b      0x8b3 ./Drivers/BSP/VL53L8CX_Platform/vl53l8cx_platform.o
 .debug_info    0x00006cce      0x53e ./Drivers/CMSIS/system_stm32f4xx.o
 .debug_info    0x0000720c      0x8bb ./Drivers/STM32F4xx_HAL_Driver/stm32f4xx_hal.o
 .debug_info    0x00007ac7      0xcf6 ./Drivers/STM32F4xx_HAL_Driver/stm32f4xx_hal_cortex.o
 .debug_info    0x000087bd      0x8e6 ./Drivers/STM32F4xx_HAL_Driver/stm32f4xx_hal_dma.o
 .debug_info    0x000090a3      0x6f9 ./Drivers/STM32F4xx_HAL_Driver/stm32f4xx_hal_gpio.o
 .debug_info    0x0000979c     0x2426 ./Drivers/STM32F4xx_HAL_Driver/stm32f4xx_hal_i2c.o
 .debug_info    0x0000bbc2      0x905 ./Drivers/STM32F4xx_HAL_Driver/stm32f4xx_hal_rcc.o
 .debug_info    0x0000c4c7     0x2f56 ./Drivers/STM32F4xx_HAL_Driver/stm32f4xx_hal_uart.o

.debug_abbrev   0x00000000     0x2914
 .debug_abbrev  0x00000000      0x151 ./Application/User/Core/gpio.o
 .debug_abbrev  0x00000151      0x1f0 ./Application/User/Core/i2c.o
 .debug_abbrev  0x00000341      0x1f8 ./Application/User/Core/main.o
 .debug_abbrev  0x00000539      0x367 ./Application/User/Core/sensing_engine.o
 .debug_abbrev  0x000008a0       0xd8 ./Application/User/Core/stm32f4xx_hal_msp.o
 .debug_abbrev  0x00000978       0x73 ./Application/User/Core/stm32f4xx_it.o
 .debug_abbrev  0x000009eb       0xbc ./Application/User/Core/sysmem.o
 .debug_abbrev  0x00000aa7      0x1fe ./Application/User/Core/usart.o
 .debug_abbrev  0x00000ca5       0x24 ./Application/User/Startup/startup_stm32f401retx.o
 .debug_abbrev  0x00000cc9      0x2ae ./Drivers/BSP/VL53L5CX/src/vl53l5cx_api.o
 .debug_abbrev  0x00000f77      0x1f6 ./Drivers/BSP/VL53L5CX_Platform/vl53l5cx_platform.o
 .debug_abbrev  0x0000116d      0x2ae ./Drivers/BSP/VL53L8CX/src/vl53l8cx_api.o
 .debug_abbrev  0x0000141b      0x1f6 ./Drivers/BSP/VL53L8CX_Platform/vl53l8cx_platform.o
 .debug_abbrev  0x00001611      0x11a ./Drivers/CMSIS/system_stm32f4xx.o
 .debug_abbrev  0x0000172b      0x24b ./Drivers/STM32F4xx_HAL_Driver/stm32f4xx_hal.o
 .debug_abbrev  0x00001976      0x31d ./Drivers/STM32F4xx_HAL_Driver/stm32f4xx_hal_cortex.o
 .debug_abbrev  0x00001c93      0x221 ./Drivers/STM32F4xx_HAL_Driver/stm32f4xx_hal_dma.o
 .debug_abbrev  0x00001eb4      0x1d3 ./Drivers/STM32F4xx_HAL_Driver/stm32f4xx_hal_gpio.o
 .debug_abbrev  0x00002087      0x2bc ./Drivers/STM32F4xx_HAL_Driver/stm32f4xx_hal_i2c.o
 .debug_abbrev  0x00002343      0x2b6 ./Drivers/STM32F4xx_HAL_Driver/stm32f4xx_hal_rcc.o
 .debug_abbrev  0x000025f9      0x31b ./Drivers/STM32F4xx_HAL_Driver/stm32f4xx_hal_uart.o

.debug_aranges  0x00000000      0xd18
 .debug_aranges
                0x00000000       0x20 ./Application/User/Core/gpio.o
 .debug_aranges
                0x00000020       0x30 ./Application/User/Core/i2c.o
 .debug_aranges
                0x00000050       0x30 ./Application/User/Core/main.o
 .debug_aranges
                0x00000080       0x60 ./Application/User/Core/sensing_engine.o
 .debug_aranges
                0x000000e0       0x20 ./Application/User/Core/stm32f4xx_hal_msp.o
 .debug_aranges
                0x00000100       0x60 ./Application/User/Core/stm32f4xx_it.o
 .debug_aranges
                0x00000160       0x20 ./Application/User/Core/sysmem.o
 .debug_aranges
                0x00000180       0x38 ./Application/User/Core/usart.o
 .debug_aranges
                0x000001b8       0x28 ./Application/User/Startup/startup_stm32f401retx.o
 .debug_aranges
                0x000001e0      0x118 ./Drivers/BSP/VL53L5CX/src/vl53l5cx_api.o
 .debug_aranges
                0x000002f8       0x50 ./Drivers/BSP/VL53L5CX_Platform/vl53l5cx_platform.o
 .debug_aranges
                0x00000348      0x118 ./Drivers/BSP/VL53L8CX/src/vl53l8cx_api.o
 .debug_aranges
                0x00000460       0x50 ./Drivers/BSP/VL53L8CX_Platform/vl53l8cx_platform.o
 .debug_aranges
                0x000004b0       0x28 ./Drivers/CMSIS/system_stm32f4xx.o
 .debug_aranges
                0x000004d8       0xf0 ./Drivers/STM32F4xx_HAL_Driver/stm32f4xx_hal.o
 .debug_aranges
                0x000005c8      0x130 ./Drivers/STM32F4xx_HAL_Driver/stm32f4xx_hal_cortex.o
 .debug_aranges
                0x000006f8       0x90 ./Drivers/STM32F4xx_HAL_Driver/stm32f4xx_hal_dma.o
 .debug_aranges
                0x00000788       0x58 ./Drivers/STM32F4xx_HAL_Driver/stm32f4xx_hal_gpio.o
 .debug_aranges
                0x000007e0      0x2a8 ./Drivers/STM32F4xx_HAL_Driver/stm32f4xx_hal_i2c.o
 .debug_aranges
                0x00000a88       0x88 ./Drivers/STM32F4xx_HAL_Driver/stm32f4xx_hal_rcc.o
 .debug_aranges
                0x00000b10      0x208 ./Drivers/STM32F4xx_HAL_Driver/stm32f4xx_hal_uart.o

.debug_rnglists
                0x00000000      0xa23
 .debug_rnglists
                0x00000000       0x14 ./Application/User/Core/gpio.o
 .debug_rnglists
                0x00000014       0x20 ./Application/User/Core/i2c.o
 .debug_rnglists
                0x00000034       0x20 ./Application/User/Core/main.o
 .debug_rnglists
                0x00000054       0x49 ./Application/User/Core/sensing_engine.o
 .debug_rnglists
                0x0000009d       0x13 ./Application/User/Core/stm32f4xx_hal_msp.o
 .debug_rnglists
                0x000000b0       0x43 ./Application/User/Core/stm32f4xx_it.o
 .debug_rnglists
                0x000000f3       0x13 ./Application/User/Core/sysmem.o
 .debug_rnglists
                0x00000106       0x26 ./Application/User/Core/usart.o
 .debug_rnglists
                0x0000012c       0x19 ./Application/User/Startup/startup_stm32f401retx.o
 .debug_rnglists
                0x00000145       0xdd ./Drivers/BSP/VL53L5CX/src/vl53l5cx_api.o
 .debug_rnglists
                0x00000222       0x37 ./Drivers/BSP/VL53L5CX_Platform/vl53l5cx_platform.o
 .debug_rnglists
                0x00000259       0xdd ./Drivers/BSP/VL53L8CX/src/vl53l8cx_api.o
 .debug_rnglists
                0x00000336       0x37 ./Drivers/BSP/VL53L8CX_Platform/vl53l8cx_platform.o
 .debug_rnglists
                0x0000036d       0x1a ./Drivers/CMSIS/system_stm32f4xx.o
 .debug_rnglists
                0x00000387       0xaf ./Drivers/STM32F4xx_HAL_Driver/stm32f4xx_hal.o
 .debug_rnglists
                0x00000436       0xe0 ./Drivers/STM32F4xx_HAL_Driver/stm32f4xx_hal_cortex.o
 .debug_rnglists
                0x00000516       0x70 ./Drivers/STM32F4xx_HAL_Driver/stm32f4xx_hal_dma.o
 .debug_rnglists
                0x00000586       0x3f ./Drivers/STM32F4xx_HAL_Driver/stm32f4xx_hal_gpio.o
 .debug_rnglists
                0x000005c5      0x23c ./Drivers/STM32F4xx_HAL_Driver/stm32f4xx_hal_i2c.o
 .debug_rnglists
                0x00000801       0x66 ./Drivers/STM32F4xx_HAL_Driver/stm32f4xx_hal_rcc.o
 .debug_rnglists
                0x00000867      0x1bc ./Drivers/STM32F4xx_HAL_Driver/stm32f4xx_hal_uart.o

.debug_macro    0x00000000    0x17322
 .debug_macro   0x00000000      0x1ec ./Application/User/Core/gpio.o
 .debug_macro   0x000001ec      0xad8 ./Application/User/Core/gpio.o
 .debug_macro   0x00000cc4      0x29b ./Application/User/Core/gpio.o
 .debug_macro   0x00000f5f       0x2e ./Application/User/Core/gpio.o
 .debug_macro   0x00000f8d       0x28 ./Application/User/Core/gpio.o
 .debug_macro   0x00000fb5       0x22 ./Application/User/Core/gpio.o
 .debug_macro   0x00000fd7       0x8e ./Application/User/Core/gpio.o
 .debug_macro   0x00001065       0x51 ./Application/User/Core/gpio.o
 .debug_macro   0x000010b6      0x103 ./Application/User/Core/gpio.o
 .debug_macro   0x000011b9       0x6a ./Application/User/Core/gpio.o
 .debug_macro   0x00001223      0x1df ./Application/User/Core/gpio.o
 .debug_macro   0x00001402       0x1c ./Application/User/Core/gpio.o
 .debug_macro   0x0000141e       0x22 ./Application/User/Core/gpio.o
 .debug_macro   0x00001440       0xfb ./Application/User/Core/gpio.o
 .debug_macro   0x0000153b     0x1011 ./Application/User/Core/gpio.o
 .debug_macro   0x0000254c      0x11f ./Application/User/Core/gpio.o
 .debug_macro   0x0000266b     0xb881 ./Application/User/Core/gpio.o
 .debug_macro   0x0000deec       0x6d ./Application/User/Core/gpio.o
 .debug_macro   0x0000df59     0x3693 ./Application/User/Core/gpio.o
 .debug_macro   0x000115ec      0x190 ./Application/User/Core/gpio.o
 .debug_macro   0x0001177c       0x5c ./Application/User/Core/gpio.o
 .debug_macro   0x000117d8      0x416 ./Application/User/Core/gpio.o
 .debug_macro   0x00011bee      0x9e9 ./Application/User/Core/gpio.o
 .debug_macro   0x000125d7      0x115 ./Application/User/Core/gpio.o
 .debug_macro   0x000126ec       0xf8 ./Application/User/Core/gpio.o
 .debug_macro   0x000127e4       0xa5 ./Application/User/Core/gpio.o
 .debug_macro   0x00012889      0x15f ./Application/User/Core/gpio.o
 .debug_macro   0x000129e8      0x287 ./Application/User/Core/gpio.o
 .debug_macro   0x00012c6f       0x5f ./Application/User/Core/gpio.o
 .debug_macro   0x00012cce      0x236 ./Application/User/Core/gpio.o
 .debug_macro   0x00012f04      0x132 ./Application/User/Core/gpio.o
 .debug_macro   0x00013036      0x264 ./Application/User/Core/gpio.o
 .debug_macro   0x0001329a       0x2e ./Application/User/Core/gpio.o
 .debug_macro   0x000132c8      0x1b5 ./Application/User/Core/gpio.o
 .debug_macro   0x0001347d       0x22 ./Application/User/Core/gpio.o
 .debug_macro   0x0001349f       0xd6 ./Application/User/Core/gpio.o
 .debug_macro   0x00013575      0x127 ./Application/User/Core/gpio.o
 .debug_macro   0x0001369c       0x85 ./Application/User/Core/gpio.o
 .debug_macro   0x00013721       0x89 ./Application/User/Core/gpio.o
 .debug_macro   0x000137aa      0x2aa ./Application/User/Core/gpio.o
 .debug_macro   0x00013a54      0x126 ./Application/User/Core/gpio.o
 .debug_macro   0x00013b7a       0x70 ./Application/User/Core/gpio.o
 .debug_macro   0x00013bea      0x1ec ./Application/User/Core/i2c.o
 .debug_macro   0x00013dd6      0x21c ./Application/User/Core/main.o
 .debug_macro   0x00013ff2       0x22 ./Application/User/Core/main.o
 .debug_macro   0x00014014       0x28 ./Application/User/Core/main.o
 .debug_macro   0x0001403c      0x35e ./Application/User/Core/sensing_engine.o
 .debug_macro   0x0001439a       0x61 ./Application/User/Core/sensing_engine.o
 .debug_macro   0x000143fb       0x2a ./Application/User/Core/sensing_engine.o
 .debug_macro   0x00014425       0x43 ./Application/User/Core/sensing_engine.o
 .debug_macro   0x00014468       0x34 ./Application/User/Core/sensing_engine.o
 .debug_macro   0x0001449c      0x364 ./Application/User/Core/sensing_engine.o
 .debug_macro   0x00014800       0x16 ./Application/User/Core/sensing_engine.o
 .debug_macro   0x00014816       0x4a ./Application/User/Core/sensing_engine.o
 .debug_macro   0x00014860       0x34 ./Application/User/Core/sensing_engine.o
 .debug_macro   0x00014894       0x10 ./Application/User/Core/sensing_engine.o
 .debug_macro   0x000148a4       0x58 ./Application/User/Core/sensing_engine.o
 .debug_macro   0x000148fc       0x8e ./Application/User/Core/sensing_engine.o
 .debug_macro   0x0001498a       0x1c ./Application/User/Core/sensing_engine.o
 .debug_macro   0x000149a6      0x17e ./Application/User/Core/sensing_engine.o
 .debug_macro   0x00014b24       0x10 ./Application/User/Core/sensing_engine.o
 .debug_macro   0x00014b34       0x3c ./Application/User/Core/sensing_engine.o
 .debug_macro   0x00014b70       0x20 ./Application/User/Core/sensing_engine.o
 .debug_macro   0x00014b90      0x1f0 ./Application/User/Core/sensing_engine.o
 .debug_macro   0x00014d80       0x10 ./Application/User/Core/sensing_engine.o
 .debug_macro   0x00014d90      0x1f5 ./Application/User/Core/sensing_engine.o
 .debug_macro   0x00014f85       0x1c ./Application/User/Core/sensing_engine.o
 .debug_macro   0x00014fa1       0x10 ./Application/User/Core/sensing_engine.o
 .debug_macro   0x00014fb1       0x1c ./Application/User/Core/sensing_engine.o
 .debug_macro   0x00014fcd       0x16 ./Application/User/Core/sensing_engine.o
 .debug_macro   0x00014fe3      0x146 ./Application/User/Core/sensing_engine.o
 .debug_macro   0x00015129       0x4c ./Application/User/Core/sensing_engine.o
 .debug_macro   0x00015175      0x1e2 ./Application/User/Core/stm32f4xx_hal_msp.o
 .debug_macro   0x00015357      0x1ec ./Application/User/Core/stm32f4xx_it.o
 .debug_macro   0x00015543      0x112 ./Application/User/Core/sysmem.o
 .debug_macro   0x00015655      0x23c ./Application/User/Core/sysmem.o
 .debug_macro   0x00015891      0x1ec ./Application/User/Core/usart.o
 .debug_macro   0x00015a7d      0x192 ./Drivers/BSP/VL53L5CX/src/vl53l5cx_api.o
 .debug_macro   0x00015c0f       0x10 ./Drivers/BSP/VL53L5CX/src/vl53l5cx_api.o
 .debug_macro   0x00015c1f      0x2ca ./Drivers/BSP/VL53L5CX_Platform/vl53l5cx_platform.o
 .debug_macro   0x00015ee9       0x56 ./Drivers/BSP/VL53L5CX_Platform/vl53l5cx_platform.o
 .debug_macro   0x00015f3f      0x192 ./Drivers/BSP/VL53L8CX/src/vl53l8cx_api.o
 .debug_macro   0x000160d1       0x10 ./Drivers/BSP/VL53L8CX/src/vl53l8cx_api.o
 .debug_macro   0x000160e1      0x2ca ./Drivers/BSP/VL53L8CX_Platform/vl53l8cx_platform.o
 .debug_macro   0x000163ab      0x1d3 ./Drivers/CMSIS/system_stm32f4xx.o
 .debug_macro   0x0001657e      0x233 ./Drivers/STM32F4xx_HAL_Driver/stm32f4xx_hal.o
 .debug_macro   0x000167b1      0x1d3 ./Drivers/STM32F4xx_HAL_Driver/stm32f4xx_hal_cortex.o
 .debug_macro   0x00016984      0x1d9 ./Drivers/STM32F4xx_HAL_Driver/stm32f4xx_hal_dma.o
 .debug_macro   0x00016b5d      0x1d9 ./Drivers/STM32F4xx_HAL_Driver/stm32f4xx_hal_gpio.o
 .debug_macro   0x00016d36      0x221 ./Drivers/STM32F4xx_HAL_Driver/stm32f4xx_hal_i2c.o
 .debug_macro   0x00016f57      0x1f7 ./Drivers/STM32F4xx_HAL_Driver/stm32f4xx_hal_rcc.o
 .debug_macro   0x0001714e      0x1d4 ./Drivers/STM32F4xx_HAL_Driver/stm32f4xx_hal_uart.o

.debug_line     0x00000000    0x137fb
 .debug_line    0x00000000      0x79b ./Application/User/Core/gpio.o
 .debug_line    0x0000079b      0x7d7 ./Application/User/Core/i2c.o
 .debug_line    0x00000f72      0x82d ./Application/User/Core/main.o
 .debug_line    0x0000179f      0xf60 ./Application/User/Core/sensing_engine.o
 .debug_line    0x000026ff      0x769 ./Application/User/Core/stm32f4xx_hal_msp.o
 .debug_line    0x00002e68      0x818 ./Application/User/Core/stm32f4xx_it.o
 .debug_line    0x00003680      0x670 ./Application/User/Core/sysmem.o
 .debug_line    0x00003cf0      0x845 ./Application/User/Core/usart.o
 .debug_line    0x00004535       0x7a ./Application/User/Startup/startup_stm32f401retx.o
 .debug_line    0x000045af     0x1950 ./Drivers/BSP/VL53L5CX/src/vl53l5cx_api.o
 .debug_line    0x00005eff      0xac1 ./Drivers/BSP/VL53L5CX_Platform/vl53l5cx_platform.o
 .debug_line    0x000069c0     0x19c2 ./Drivers/BSP/VL53L8CX/src/vl53l8cx_api.o
 .debug_line    0x00008382      0xac1 ./Drivers/BSP/VL53L8CX_Platform/vl53l8cx_platform.o
 .debug_line    0x00008e43      0x7df ./Drivers/CMSIS/system_stm32f4xx.o
 .debug_line    0x00009622      0xa5e ./Drivers/STM32F4xx_HAL_Driver/stm32f4xx_hal.o
 .debug_line    0x0000a080      0xd2b ./Drivers/STM32F4xx_HAL_Driver/stm32f4xx_hal_cortex.o
 .debug_line    0x0000adab      0xfc7 ./Drivers/STM32F4xx_HAL_Driver/stm32f4xx_hal_dma.o
 .debug_line    0x0000bd72      0xb74 ./Drivers/STM32F4xx_HAL_Driver/stm32f4xx_hal_gpio.o
 .debug_line    0x0000c8e6     0x3b08 ./Drivers/STM32F4xx_HAL_Driver/stm32f4xx_hal_i2c.o
 .debug_line    0x000103ee      0xe6a ./Drivers/STM32F4xx_HAL_Driver/stm32f4xx_hal_rcc.o
 .debug_line    0x00011258     0x25a3 ./Drivers/STM32F4xx_HAL_Driver/stm32f4xx_hal_uart.o

.debug_str      0x00000000    0x8adf3
 .debug_str     0x00000000    0x8adf3 ./Application/User/Core/gpio.o
                              0x81172 (size before relaxing)
 .debug_str     0x0008adf3    0x816a6 ./Application/User/Core/i2c.o
 .debug_str     0x0008adf3    0x813fd ./Application/User/Core/main.o
 .debug_str     0x0008adf3    0x872db ./Application/User/Core/sensing_engine.o
 .debug_str     0x0008adf3    0x810a7 ./Application/User/Core/stm32f4xx_hal_msp.o
 .debug_str     0x0008adf3    0x8101b ./Application/User/Core/stm32f4xx_it.o
 .debug_str     0x0008adf3     0x7717 ./Application/User/Core/sysmem.o
 .debug_str     0x0008adf3    0x8164a ./Application/User/Core/usart.o
 .debug_str     0x0008adf3       0x8e ./Application/User/Startup/startup_stm32f401retx.o
 .debug_str     0x0008adf3     0x8aff ./Drivers/BSP/VL53L5CX/src/vl53l5cx_api.o
 .debug_str     0x0008adf3    0x847a1 ./Drivers/BSP/VL53L5CX_Platform/vl53l5cx_platform.o
 .debug_str     0x0008adf3     0x8b5f ./Drivers/BSP/VL53L8CX/src/vl53l8cx_api.o
 .debug_str     0x0008adf3    0x847a1 ./Drivers/BSP/VL53L8CX_Platform/vl53l8cx_platform.o
 .debug_str     0x0008adf3    0x80fc1 ./Drivers/CMSIS/system_stm32f4xx.o
 .debug_str     0x0008adf3    0x819e3 ./Drivers/STM32F4xx_HAL_Driver/stm32f4xx_hal.o
 .debug_str     0x0008adf3    0x8174d ./Drivers/STM32F4xx_HAL_Driver/stm32f4xx_hal_cortex.o
 .debug_str     0x0008adf3    0x813c9 ./Drivers/STM32F4xx_HAL_Driver/stm32f4xx_hal_dma.o
 .debug_str     0x0008adf3    0x8113c ./Drivers/STM32F4xx_HAL_Driver/stm32f4xx_hal_gpio.o
 .debug_str     0x0008adf3    0x81fd2 ./Drivers/STM32F4xx_HAL_Driver/stm32f4xx_hal_i2c.o
 .debug_str     0x0008adf3    0x813f5 ./Drivers/STM32F4xx_HAL_Driver/stm32f4xx_hal_rcc.o
 .debug_str     0x0008adf3    0x819c4 ./Drivers/STM32F4xx_HAL_Driver/stm32f4xx_hal_uart.o

.comment        0x00000000       0x43
 .comment       0x00000000       0x43 ./Application/User/Core/gpio.o
                                 0x44 (size before relaxing)
 .comment       0x00000043       0x44 ./Application/User/Core/i2c.o
 .comment       0x00000043       0x44 ./Application/User/Core/main.o
 .comment       0x00000043       0x44 ./Application/User/Core/sensing_engine.o
 .comment       0x00000043       0x44 ./Application/User/Core/stm32f4xx_hal_msp.o
 .comment       0x00000043       0x44 ./Application/User/Core/stm32f4xx_it.o
 .comment       0x00000043       0x44 ./Application/User/Core/sysmem.o
 .comment       0x00000043       0x44 ./Application/User/Core/usart.o
 .comment       0x00000043       0x44 ./Drivers/BSP/VL53L5CX/src/vl53l5cx_api.o
 .comment       0x00000043       0x44 ./Drivers/BSP/VL53L5CX_Platform/vl53l5cx_platform.o
 .comment       0x00000043       0x44 ./Drivers/BSP/VL53L8CX/src/vl53l8cx_api.o
 .comment       0x00000043       0x44 ./Drivers/BSP/VL53L8CX_Platform/vl53l8cx_platform.o
 .comment       0x00000043       0x44 ./Drivers/CMSIS/system_stm32f4xx.o
 .comment       0x00000043       0x44 ./Drivers/STM32F4xx_HAL_Driver/stm32f4xx_hal.o
 .comment       0x00000043       0x44 ./Drivers/STM32F4xx_HAL_Driver/stm32f4xx_hal_cortex.o
 .comment       0x00000043       0x44 ./Drivers/STM32F4xx_HAL_Driver/stm32f4xx_hal_dma.o
 .comment       0x00000043       0x44 ./Drivers/STM32F4xx_HAL_Driver/stm32f4xx_hal_gpio.o
 .comment       0x00000043       0x44 ./Drivers/STM32F4xx_HAL_Driver/stm32f4xx_hal_i2c.o
 .comment       0x00000043       0x44 ./Drivers/STM32F4xx_HAL_Driver/stm32f4xx_hal_rcc.o
 .comment       0x00000043       0x44 ./Drivers/STM32F4xx_HAL_Driver/stm32f4xx_hal_uart.o

.debug_frame    0x00000000     0x3858
 .debug_frame   0x00000000       0x34 ./Application/User/Core/gpio.o
 .debug_frame   0x00000034       0x74 ./Application/User/Core/i2c.o
 .debug_frame   0x000000a8       0x68 ./Application/User/Core/main.o
 .debug_frame   0x00000110      0x16c ./Application/User/Core/sensing_engine.o
 .debug_frame   0x0000027c       0x34 ./Application/User/Core/stm32f4xx_hal_msp.o
 .debug_frame   0x000002b0       0xf8 ./Application/User/Core/stm32f4xx_it.o
 .debug_frame   0x000003a8       0x34 ./Application/User/Core/sysmem.o
 .debug_frame   0x000003dc       0x90 ./Application/User/Core/usart.o
 .debug_frame   0x0000046c      0x4b4 ./Drivers/BSP/VL53L5CX/src/vl53l5cx_api.o
 .debug_frame   0x00000920      0x10c ./Drivers/BSP/VL53L5CX_Platform/vl53l5cx_platform.o
 .debug_frame   0x00000a2c      0x4b4 ./Drivers/BSP/VL53L8CX/src/vl53l8cx_api.o
 .debug_frame   0x00000ee0      0x10c ./Drivers/BSP/VL53L8CX_Platform/vl53l8cx_platform.o
 .debug_frame   0x00000fec       0x50 ./Drivers/CMSIS/system_stm32f4xx.o
 .debug_frame   0x0000103c      0x31c ./Drivers/STM32F4xx_HAL_Driver/stm32f4xx_hal.o
 .debug_frame   0x00001358      0x4b8 ./Drivers/STM32F4xx_HAL_Driver/stm32f4xx_hal_cortex.o
 .debug_frame   0x00001810      0x230 ./Drivers/STM32F4xx_HAL_Driver/stm32f4xx_hal_dma.o
 .debug_frame   0x00001a40      0x130 ./Drivers/STM32F4xx_HAL_Driver/stm32f4xx_hal_gpio.o
 .debug_frame   0x00001b70      0xbf4 ./Drivers/STM32F4xx_HAL_Driver/stm32f4xx_hal_i2c.o
 .debug_frame   0x00002764      0x1d8 ./Drivers/STM32F4xx_HAL_Driver/stm32f4xx_hal_rcc.o
 .debug_frame   0x0000293c      0x8ec ./Drivers/STM32F4xx_HAL_Driver/stm32f4xx_hal_uart.o
 .debug_frame   0x00003228      0x144 D:/Software/STM32CubeIDE_2.1.0/STM32CubeIDE/plugins/com.st.stm32cube.ide.mcu.externaltools.gnu-tools-for-stm32.14.3.rel1.win32_1.0.100.202602081740/tools/bin/../lib/gcc/arm-none-eabi/14.3.1/../../../../arm-none-eabi/lib/thumb/v7e-m+fp/hard\libc_nano.a(libc_a-findfp.o)
 .debug_frame   0x0000336c       0x4c D:/Software/STM32CubeIDE_2.1.0/STM32CubeIDE/plugins/com.st.stm32cube.ide.mcu.externaltools.gnu-tools-for-stm32.14.3.rel1.win32_1.0.100.202602081740/tools/bin/../lib/gcc/arm-none-eabi/14.3.1/../../../../arm-none-eabi/lib/thumb/v7e-m+fp/hard\libc_nano.a(libc_a-vsnprintf.o)
 .debug_frame   0x000033b8       0x20 D:/Software/STM32CubeIDE_2.1.0/STM32CubeIDE/plugins/com.st.stm32cube.ide.mcu.externaltools.gnu-tools-for-stm32.14.3.rel1.win32_1.0.100.202602081740/tools/bin/../lib/gcc/arm-none-eabi/14.3.1/../../../../arm-none-eabi/lib/thumb/v7e-m+fp/hard\libc_nano.a(libc_a-memset.o)
 .debug_frame   0x000033d8       0x38 D:/Software/STM32CubeIDE_2.1.0/STM32CubeIDE/plugins/com.st.stm32cube.ide.mcu.externaltools.gnu-tools-for-stm32.14.3.rel1.win32_1.0.100.202602081740/tools/bin/../lib/gcc/arm-none-eabi/14.3.1/../../../../arm-none-eabi/lib/thumb/v7e-m+fp/hard\libc_nano.a(libc_a-reent.o)
 .debug_frame   0x00003410       0x20 D:/Software/STM32CubeIDE_2.1.0/STM32CubeIDE/plugins/com.st.stm32cube.ide.mcu.externaltools.gnu-tools-for-stm32.14.3.rel1.win32_1.0.100.202602081740/tools/bin/../lib/gcc/arm-none-eabi/14.3.1/../../../../arm-none-eabi/lib/thumb/v7e-m+fp/hard\libc_nano.a(libc_a-errno.o)
 .debug_frame   0x00003430       0x2c D:/Software/STM32CubeIDE_2.1.0/STM32CubeIDE/plugins/com.st.stm32cube.ide.mcu.externaltools.gnu-tools-for-stm32.14.3.rel1.win32_1.0.100.202602081740/tools/bin/../lib/gcc/arm-none-eabi/14.3.1/../../../../arm-none-eabi/lib/thumb/v7e-m+fp/hard\libc_nano.a(libc_a-init.o)
 .debug_frame   0x0000345c       0xb0 D:/Software/STM32CubeIDE_2.1.0/STM32CubeIDE/plugins/com.st.stm32cube.ide.mcu.externaltools.gnu-tools-for-stm32.14.3.rel1.win32_1.0.100.202602081740/tools/bin/../lib/gcc/arm-none-eabi/14.3.1/../../../../arm-none-eabi/lib/thumb/v7e-m+fp/hard\libc_nano.a(libc_a-lock.o)
 .debug_frame   0x0000350c       0x28 D:/Software/STM32CubeIDE_2.1.0/STM32CubeIDE/plugins/com.st.stm32cube.ide.mcu.externaltools.gnu-tools-for-stm32.14.3.rel1.win32_1.0.100.202602081740/tools/bin/../lib/gcc/arm-none-eabi/14.3.1/../../../../arm-none-eabi/lib/thumb/v7e-m+fp/hard\libc_nano.a(libc_a-memcpy-stub.o)
 .debug_frame   0x00003534       0x20 D:/Software/STM32CubeIDE_2.1.0/STM32CubeIDE/plugins/com.st.stm32cube.ide.mcu.externaltools.gnu-tools-for-stm32.14.3.rel1.win32_1.0.100.202602081740/tools/bin/../lib/gcc/arm-none-eabi/14.3.1/../../../../arm-none-eabi/lib/thumb/v7e-m+fp/hard\libc_nano.a(libc_a-strlen.o)
 .debug_frame   0x00003554       0x38 D:/Software/STM32CubeIDE_2.1.0/STM32CubeIDE/plugins/com.st.stm32cube.ide.mcu.externaltools.gnu-tools-for-stm32.14.3.rel1.win32_1.0.100.202602081740/tools/bin/../lib/gcc/arm-none-eabi/14.3.1/../../../../arm-none-eabi/lib/thumb/v7e-m+fp/hard\libc_nano.a(libc_a-freer.o)
 .debug_frame   0x0000358c       0x50 D:/Software/STM32CubeIDE_2.1.0/STM32CubeIDE/plugins/com.st.stm32cube.ide.mcu.externaltools.gnu-tools-for-stm32.14.3.rel1.win32_1.0.100.202602081740/tools/bin/../lib/gcc/arm-none-eabi/14.3.1/../../../../arm-none-eabi/lib/thumb/v7e-m+fp/hard\libc_nano.a(libc_a-mallocr.o)
 .debug_frame   0x000035dc       0x30 D:/Software/STM32CubeIDE_2.1.0/STM32CubeIDE/plugins/com.st.stm32cube.ide.mcu.externaltools.gnu-tools-for-stm32.14.3.rel1.win32_1.0.100.202602081740/tools/bin/../lib/gcc/arm-none-eabi/14.3.1/../../../../arm-none-eabi/lib/thumb/v7e-m+fp/hard\libc_nano.a(libc_a-mlock.o)
 .debug_frame   0x0000360c       0x90 D:/Software/STM32CubeIDE_2.1.0/STM32CubeIDE/plugins/com.st.stm32cube.ide.mcu.externaltools.gnu-tools-for-stm32.14.3.rel1.win32_1.0.100.202602081740/tools/bin/../lib/gcc/arm-none-eabi/14.3.1/../../../../arm-none-eabi/lib/thumb/v7e-m+fp/hard\libc_nano.a(libc_a-nano-svfprintf.o)
 .debug_frame   0x0000369c       0x60 D:/Software/STM32CubeIDE_2.1.0/STM32CubeIDE/plugins/com.st.stm32cube.ide.mcu.externaltools.gnu-tools-for-stm32.14.3.rel1.win32_1.0.100.202602081740/tools/bin/../lib/gcc/arm-none-eabi/14.3.1/../../../../arm-none-eabi/lib/thumb/v7e-m+fp/hard\libc_nano.a(libc_a-nano-vfprintf_i.o)
 .debug_frame   0x000036fc       0x28 D:/Software/STM32CubeIDE_2.1.0/STM32CubeIDE/plugins/com.st.stm32cube.ide.mcu.externaltools.gnu-tools-for-stm32.14.3.rel1.win32_1.0.100.202602081740/tools/bin/../lib/gcc/arm-none-eabi/14.3.1/../../../../arm-none-eabi/lib/thumb/v7e-m+fp/hard\libc_nano.a(libc_a-memmove.o)
 .debug_frame   0x00003724       0x2c D:/Software/STM32CubeIDE_2.1.0/STM32CubeIDE/plugins/com.st.stm32cube.ide.mcu.externaltools.gnu-tools-for-stm32.14.3.rel1.win32_1.0.100.202602081740/tools/bin/../lib/gcc/arm-none-eabi/14.3.1/../../../../arm-none-eabi/lib/thumb/v7e-m+fp/hard\libc_nano.a(libc_a-sbrkr.o)
 .debug_frame   0x00003750       0x4c D:/Software/STM32CubeIDE_2.1.0/STM32CubeIDE/plugins/com.st.stm32cube.ide.mcu.externaltools.gnu-tools-for-stm32.14.3.rel1.win32_1.0.100.202602081740/tools/bin/../lib/gcc/arm-none-eabi/14.3.1/../../../../arm-none-eabi/lib/thumb/v7e-m+fp/hard\libc_nano.a(libc_a-memchr.o)
 .debug_frame   0x0000379c       0x3c D:/Software/STM32CubeIDE_2.1.0/STM32CubeIDE/plugins/com.st.stm32cube.ide.mcu.externaltools.gnu-tools-for-stm32.14.3.rel1.win32_1.0.100.202602081740/tools/bin/../lib/gcc/arm-none-eabi/14.3.1/../../../../arm-none-eabi/lib/thumb/v7e-m+fp/hard\libc_nano.a(libc_a-reallocr.o)
 .debug_frame   0x000037d8       0x20 D:/Software/STM32CubeIDE_2.1.0/STM32CubeIDE/plugins/com.st.stm32cube.ide.mcu.externaltools.gnu-tools-for-stm32.14.3.rel1.win32_1.0.100.202602081740/tools/bin/../lib/gcc/arm-none-eabi/14.3.1/../../../../arm-none-eabi/lib/thumb/v7e-m+fp/hard\libc_nano.a(libc_a-msizer.o)